Archive member included to satisfy reference by file (symbol)

c:/program_files/intelfpga_lite/18.1/nios2eds/bin/gnu/h-x86_64-mingw32/bin/../lib/gcc/nios2-elf/5.3.0/../../../../../H-x86_64-mingw32/nios2-elf/lib/mno-hw-mul\libsmallc.a(lib_a-puts.o)
                              obj/default/hello_world.o (puts)
c:/program_files/intelfpga_lite/18.1/nios2eds/bin/gnu/h-x86_64-mingw32/bin/../lib/gcc/nios2-elf/5.3.0/../../../../../H-x86_64-mingw32/nios2-elf/lib/mno-hw-mul\libsmallc.a(lib_a-strlen.o)
                              c:/program_files/intelfpga_lite/18.1/nios2eds/bin/gnu/h-x86_64-mingw32/bin/../lib/gcc/nios2-elf/5.3.0/../../../../../H-x86_64-mingw32/nios2-elf/lib/mno-hw-mul\libsmallc.a(lib_a-puts.o) (strlen)
c:/program_files/intelfpga_lite/18.1/nios2eds/bin/gnu/h-x86_64-mingw32/bin/../lib/gcc/nios2-elf/5.3.0/../../../../../H-x86_64-mingw32/nios2-elf/lib/mno-hw-mul\libsmallc.a(lib_a-fvwrite_small_dev.o)
                              c:/program_files/intelfpga_lite/18.1/nios2eds/bin/gnu/h-x86_64-mingw32/bin/../lib/gcc/nios2-elf/5.3.0/../../../../../H-x86_64-mingw32/nios2-elf/lib/mno-hw-mul\libsmallc.a(lib_a-puts.o) (__sfvwrite_small_dev)
c:/program_files/intelfpga_lite/18.1/nios2eds/bin/gnu/h-x86_64-mingw32/bin/../lib/gcc/nios2-elf/5.3.0/../../../../../H-x86_64-mingw32/nios2-elf/lib/mno-hw-mul\libsmallc.a(lib_a-impure.o)
                              c:/program_files/intelfpga_lite/18.1/nios2eds/bin/gnu/h-x86_64-mingw32/bin/../lib/gcc/nios2-elf/5.3.0/../../../../../H-x86_64-mingw32/nios2-elf/lib/mno-hw-mul\libsmallc.a(lib_a-puts.o) (_impure_ptr)
c:/program_files/intelfpga_lite/18.1/nios2eds/bin/gnu/h-x86_64-mingw32/bin/../lib/gcc/nios2-elf/5.3.0/../../../../../H-x86_64-mingw32/nios2-elf/lib/mno-hw-mul\libsmallc.a(lib_a-writer.o)
                              c:/program_files/intelfpga_lite/18.1/nios2eds/bin/gnu/h-x86_64-mingw32/bin/../lib/gcc/nios2-elf/5.3.0/../../../../../H-x86_64-mingw32/nios2-elf/lib/mno-hw-mul\libsmallc.a(lib_a-fvwrite_small_dev.o) (_write_r)
c:/program_files/intelfpga_lite/18.1/nios2eds/bin/gnu/h-x86_64-mingw32/bin/../lib/gcc/nios2-elf/5.3.0/../../../../../H-x86_64-mingw32/nios2-elf/lib/mno-hw-mul\libsmallc.a(lib_a-int_errno.o)
                              c:/program_files/intelfpga_lite/18.1/nios2eds/bin/gnu/h-x86_64-mingw32/bin/../lib/gcc/nios2-elf/5.3.0/../../../../../H-x86_64-mingw32/nios2-elf/lib/mno-hw-mul\libsmallc.a(lib_a-writer.o) (errno)
../hello_world_bsp/\libhal_bsp.a(alt_load.o)
                              ../hello_world_bsp//obj/HAL/src/crt0.o (alt_load)
../hello_world_bsp/\libhal_bsp.a(alt_main.o)
                              ../hello_world_bsp//obj/HAL/src/crt0.o (alt_main)
../hello_world_bsp/\libhal_bsp.a(alt_write.o)
                              c:/program_files/intelfpga_lite/18.1/nios2eds/bin/gnu/h-x86_64-mingw32/bin/../lib/gcc/nios2-elf/5.3.0/../../../../../H-x86_64-mingw32/nios2-elf/lib/mno-hw-mul\libsmallc.a(lib_a-writer.o) (write)
../hello_world_bsp/\libhal_bsp.a(alt_sys_init.o)
                              ../hello_world_bsp/\libhal_bsp.a(alt_main.o) (alt_irq_init)
../hello_world_bsp/\libhal_bsp.a(altera_avalon_jtag_uart_fd.o)
                              ../hello_world_bsp/\libhal_bsp.a(alt_sys_init.o) (altera_avalon_jtag_uart_read_fd)
../hello_world_bsp/\libhal_bsp.a(altera_avalon_jtag_uart_read.o)
                              ../hello_world_bsp/\libhal_bsp.a(altera_avalon_jtag_uart_fd.o) (altera_avalon_jtag_uart_read)
../hello_world_bsp/\libhal_bsp.a(altera_avalon_jtag_uart_write.o)
                              ../hello_world_bsp/\libhal_bsp.a(altera_avalon_jtag_uart_fd.o) (altera_avalon_jtag_uart_write)
../hello_world_bsp/\libhal_bsp.a(altera_avalon_timer_sc.o)
                              ../hello_world_bsp/\libhal_bsp.a(alt_sys_init.o) (alt_avalon_timer_sc_init)
../hello_world_bsp/\libhal_bsp.a(alt_close.o)
                              ../hello_world_bsp/\libhal_bsp.a(alt_main.o) (close)
../hello_world_bsp/\libhal_bsp.a(alt_dcache_flush_all.o)
                              ../hello_world_bsp/\libhal_bsp.a(alt_load.o) (alt_dcache_flush_all)
../hello_world_bsp/\libhal_bsp.a(alt_dev.o)
                              ../hello_world_bsp/\libhal_bsp.a(alt_sys_init.o) (alt_dev_list)
../hello_world_bsp/\libhal_bsp.a(alt_dev_llist_insert.o)
                              ../hello_world_bsp/\libhal_bsp.a(alt_sys_init.o) (alt_dev_llist_insert)
../hello_world_bsp/\libhal_bsp.a(alt_errno.o)
                              ../hello_world_bsp/\libhal_bsp.a(alt_write.o) (alt_errno)
../hello_world_bsp/\libhal_bsp.a(alt_icache_flush_all.o)
                              ../hello_world_bsp/\libhal_bsp.a(alt_load.o) (alt_icache_flush_all)
../hello_world_bsp/\libhal_bsp.a(alt_iic.o)
                              ../hello_world_bsp/\libhal_bsp.a(altera_avalon_timer_sc.o) (alt_ic_isr_register)
../hello_world_bsp/\libhal_bsp.a(alt_iic_isr_register.o)
                              ../hello_world_bsp/\libhal_bsp.a(alt_iic.o) (alt_iic_isr_register)
../hello_world_bsp/\libhal_bsp.a(alt_io_redirect.o)
                              ../hello_world_bsp/\libhal_bsp.a(alt_main.o) (alt_io_redirect)
../hello_world_bsp/\libhal_bsp.a(alt_irq_entry.o)
                              ../hello_world_bsp/\libhal_bsp.a(alt_iic_isr_register.o) (alt_irq_entry)
../hello_world_bsp/\libhal_bsp.a(alt_irq_handler.o)
                              ../hello_world_bsp/\libhal_bsp.a(alt_iic_isr_register.o) (alt_irq)
../hello_world_bsp/\libhal_bsp.a(alt_irq_vars.o)
                              ../hello_world_bsp/\libhal_bsp.a(alt_iic.o) (alt_irq_active)
../hello_world_bsp/\libhal_bsp.a(alt_open.o)
                              ../hello_world_bsp/\libhal_bsp.a(alt_io_redirect.o) (open)
../hello_world_bsp/\libhal_bsp.a(alt_release_fd.o)
                              ../hello_world_bsp/\libhal_bsp.a(alt_close.o) (alt_release_fd)
../hello_world_bsp/\libhal_bsp.a(alt_tick.o)
                              ../hello_world_bsp/\libhal_bsp.a(altera_avalon_timer_sc.o) (_alt_tick_rate)
../hello_world_bsp/\libhal_bsp.a(altera_nios2_qsys_irq.o)
                              ../hello_world_bsp/\libhal_bsp.a(alt_sys_init.o) (altera_nios2_qsys_irq_init)
../hello_world_bsp/\libhal_bsp.a(alt_exception_entry.o)
                              ../hello_world_bsp/\libhal_bsp.a(alt_irq_entry.o) (alt_exception)
../hello_world_bsp/\libhal_bsp.a(alt_find_dev.o)
                              ../hello_world_bsp/\libhal_bsp.a(alt_open.o) (alt_find_dev)
../hello_world_bsp/\libhal_bsp.a(alt_find_file.o)
                              ../hello_world_bsp/\libhal_bsp.a(alt_open.o) (alt_find_file)
../hello_world_bsp/\libhal_bsp.a(alt_get_fd.o)
                              ../hello_world_bsp/\libhal_bsp.a(alt_open.o) (alt_get_fd)
../hello_world_bsp/\libhal_bsp.a(alt_icache_flush.o)
                              ../hello_world_bsp/\libhal_bsp.a(alt_icache_flush_all.o) (alt_icache_flush)
c:/program_files/intelfpga_lite/18.1/nios2eds/bin/gnu/h-x86_64-mingw32/bin/../lib/gcc/nios2-elf/5.3.0/../../../../../H-x86_64-mingw32/nios2-elf/lib/mno-hw-mul\libsmallc.a(lib_a-exit.o)
                              ../hello_world_bsp/\libhal_bsp.a(alt_main.o) (exit)
c:/program_files/intelfpga_lite/18.1/nios2eds/bin/gnu/h-x86_64-mingw32/bin/../lib/gcc/nios2-elf/5.3.0/../../../../../H-x86_64-mingw32/nios2-elf/lib/mno-hw-mul\libsmallc.a(lib_a-memcmp.o)
                              ../hello_world_bsp/\libhal_bsp.a(alt_find_dev.o) (memcmp)
c:/program_files/intelfpga_lite/18.1/nios2eds/bin/gnu/h-x86_64-mingw32/bin/../lib/gcc/nios2-elf/5.3.0/../../../../../H-x86_64-mingw32/nios2-elf/lib/mno-hw-mul\libsmallc.a(lib_a-__call_atexit.o)
                              c:/program_files/intelfpga_lite/18.1/nios2eds/bin/gnu/h-x86_64-mingw32/bin/../lib/gcc/nios2-elf/5.3.0/../../../../../H-x86_64-mingw32/nios2-elf/lib/mno-hw-mul\libsmallc.a(lib_a-exit.o) (__call_exitprocs)
c:/program_files/intelfpga_lite/18.1/nios2eds/bin/gnu/h-x86_64-mingw32/bin/../lib/gcc/nios2-elf/5.3.0/mno-hw-mul\libgcc.a(lib2-mul.o)
                              ../hello_world_bsp/\libhal_bsp.a(alt_write.o) (__mulsi3)
../hello_world_bsp/\libhal_bsp.a(alt_exit.o)
                              c:/program_files/intelfpga_lite/18.1/nios2eds/bin/gnu/h-x86_64-mingw32/bin/../lib/gcc/nios2-elf/5.3.0/../../../../../H-x86_64-mingw32/nios2-elf/lib/mno-hw-mul\libsmallc.a(lib_a-exit.o) (_exit)

Allocating common symbols
Common symbol       size              file

alt_irq             0x100             ../hello_world_bsp/\libhal_bsp.a(alt_irq_handler.o)
errno               0x4               c:/program_files/intelfpga_lite/18.1/nios2eds/bin/gnu/h-x86_64-mingw32/bin/../lib/gcc/nios2-elf/5.3.0/../../../../../H-x86_64-mingw32/nios2-elf/lib/mno-hw-mul\libsmallc.a(lib_a-int_errno.o)

Memory Configuration

Name             Origin             Length             Attributes
reset            0x0000000000008000 0x0000000000000020
onchip_mem       0x0000000000008020 0x0000000000004fe0
*default*        0x0000000000000000 0xffffffffffffffff

Linker script and memory map

LOAD ../hello_world_bsp//obj/HAL/src/crt0.o
LOAD obj/default/hello_world.o
LOAD c:/program_files/intelfpga_lite/18.1/nios2eds/bin/gnu/h-x86_64-mingw32/bin/../lib/gcc/nios2-elf/5.3.0/../../../../../H-x86_64-mingw32/nios2-elf/lib/mno-hw-mul\libstdc++.a
LOAD c:/program_files/intelfpga_lite/18.1/nios2eds/bin/gnu/h-x86_64-mingw32/bin/../lib/gcc/nios2-elf/5.3.0/../../../../../H-x86_64-mingw32/nios2-elf/lib/mno-hw-mul\libm.a
LOAD c:/program_files/intelfpga_lite/18.1/nios2eds/bin/gnu/h-x86_64-mingw32/bin/../lib/gcc/nios2-elf/5.3.0/mno-hw-mul\libgcc.a
START GROUP
LOAD c:/program_files/intelfpga_lite/18.1/nios2eds/bin/gnu/h-x86_64-mingw32/bin/../lib/gcc/nios2-elf/5.3.0/../../../../../H-x86_64-mingw32/nios2-elf/lib/mno-hw-mul\libsmallc.a
LOAD c:/program_files/intelfpga_lite/18.1/nios2eds/bin/gnu/h-x86_64-mingw32/bin/../lib/gcc/nios2-elf/5.3.0/mno-hw-mul\libgcc.a
LOAD ../hello_world_bsp/\libhal_bsp.a
LOAD c:/program_files/intelfpga_lite/18.1/nios2eds/bin/gnu/h-x86_64-mingw32/bin/../lib/gcc/nios2-elf/5.3.0/../../../../../H-x86_64-mingw32/nios2-elf/lib/mno-hw-mul\libm.a
END GROUP
LOAD c:/program_files/intelfpga_lite/18.1/nios2eds/bin/gnu/h-x86_64-mingw32/bin/../lib/gcc/nios2-elf/5.3.0/mno-hw-mul\libgcc.a
                0x0000000000008000                __alt_mem_onchip_mem = 0x8000

.entry          0x0000000000008000       0x20
 *(.entry)
 .entry         0x0000000000008000       0x20 ../hello_world_bsp//obj/HAL/src/crt0.o
                0x0000000000008000                __reset

.exceptions     0x0000000000008020      0x1a0
                0x0000000000008020                PROVIDE (__ram_exceptions_start, ABSOLUTE (.))
                0x0000000000008020                . = ALIGN (0x20)
 *(.irq)
 *(.exceptions.entry.label)
 .exceptions.entry.label
                0x0000000000008020        0x0 ../hello_world_bsp/\libhal_bsp.a(alt_irq_entry.o)
                0x0000000000008020                alt_irq_entry
 .exceptions.entry.label
                0x0000000000008020        0x0 ../hello_world_bsp/\libhal_bsp.a(alt_exception_entry.o)
                0x0000000000008020                alt_exception
 *(.exceptions.entry.user)
 *(.exceptions.entry.ecc_fatal)
 *(.exceptions.entry)
 .exceptions.entry
                0x0000000000008020       0x54 ../hello_world_bsp/\libhal_bsp.a(alt_exception_entry.o)
 *(.exceptions.irqtest.user)
 *(.exceptions.irqtest)
 .exceptions.irqtest
                0x0000000000008074       0x10 ../hello_world_bsp/\libhal_bsp.a(alt_irq_entry.o)
 *(.exceptions.irqhandler.user)
 *(.exceptions.irqhandler)
 .exceptions.irqhandler
                0x0000000000008084        0x4 ../hello_world_bsp/\libhal_bsp.a(alt_irq_entry.o)
 *(.exceptions.irqreturn.user)
 *(.exceptions.irqreturn)
 .exceptions.irqreturn
                0x0000000000008088        0x4 ../hello_world_bsp/\libhal_bsp.a(alt_irq_entry.o)
 *(.exceptions.notirq.label)
 .exceptions.notirq.label
                0x000000000000808c        0x0 ../hello_world_bsp/\libhal_bsp.a(alt_irq_entry.o)
 *(.exceptions.notirq.user)
 *(.exceptions.notirq)
 .exceptions.notirq
                0x000000000000808c        0x8 ../hello_world_bsp/\libhal_bsp.a(alt_exception_entry.o)
 *(.exceptions.soft.user)
 *(.exceptions.soft)
 *(.exceptions.unknown.user)
 *(.exceptions.unknown)
 .exceptions.unknown
                0x0000000000008094        0x4 ../hello_world_bsp/\libhal_bsp.a(alt_exception_entry.o)
 *(.exceptions.exit.label)
 .exceptions.exit.label
                0x0000000000008098        0x0 ../hello_world_bsp/\libhal_bsp.a(alt_irq_entry.o)
 .exceptions.exit.label
                0x0000000000008098        0x0 ../hello_world_bsp/\libhal_bsp.a(alt_exception_entry.o)
 *(.exceptions.exit.user)
 *(.exceptions.exit)
 .exceptions.exit
                0x0000000000008098       0x54 ../hello_world_bsp/\libhal_bsp.a(alt_exception_entry.o)
 *(.exceptions)
 .exceptions    0x00000000000080ec       0xd4 ../hello_world_bsp/\libhal_bsp.a(alt_irq_handler.o)
                0x00000000000080ec                alt_irq_handler
                0x00000000000081c0                PROVIDE (__ram_exceptions_end, ABSOLUTE (.))
                0x0000000000008020                PROVIDE (__flash_exceptions_start, LOADADDR (.exceptions))

.text           0x00000000000081c0     0x1920
                [!provide]                        PROVIDE (stext, ABSOLUTE (.))
 *(.interp)
 *(.hash)
 *(.dynsym)
 *(.dynstr)
 *(.gnu.version)
 *(.gnu.version_d)
 *(.gnu.version_r)
 *(.rel.init)
 *(.rela.init)
 *(.rel.text .rel.text.* .rel.gnu.linkonce.t.*)
 *(.rela.text .rela.text.* .rela.gnu.linkonce.t.*)
 *(.rel.fini)
 *(.rela.fini)
 *(.rel.rodata .rel.rodata.* .rel.gnu.linkonce.r.*)
 *(.rela.rodata .rela.rodata.* .rela.gnu.linkonce.r.*)
 *(.rel.data .rel.data.* .rel.gnu.linkonce.d.*)
 *(.rela.data .rela.data.* .rela.gnu.linkonce.d.*)
 *(.rel.tdata .rel.tdata.* .rel.gnu.linkonce.td.*)
 *(.rela.tdata .rela.tdata.* .rela.gnu.linkonce.td.*)
 *(.rel.tbss .rel.tbss.* .rel.gnu.linkonce.tb.*)
 *(.rela.tbss .rela.tbss.* .rela.gnu.linkonce.tb.*)
 *(.rel.ctors)
 *(.rela.ctors)
 *(.rel.dtors)
 *(.rela.dtors)
 *(.rel.got)
 *(.rela.got)
 *(.rel.sdata .rel.sdata.* .rel.gnu.linkonce.s.*)
 *(.rela.sdata .rela.sdata.* .rela.gnu.linkonce.s.*)
 *(.rel.sbss .rel.sbss.* .rel.gnu.linkonce.sb.*)
 *(.rela.sbss .rela.sbss.* .rela.gnu.linkonce.sb.*)
 *(.rel.sdata2 .rel.sdata2.* .rel.gnu.linkonce.s2.*)
 *(.rela.sdata2 .rela.sdata2.* .rela.gnu.linkonce.s2.*)
 *(.rel.sbss2 .rel.sbss2.* .rel.gnu.linkonce.sb2.*)
 *(.rela.sbss2 .rela.sbss2.* .rela.gnu.linkonce.sb2.*)
 *(.rel.bss .rel.bss.* .rel.gnu.linkonce.b.*)
 *(.rela.bss .rela.bss.* .rela.gnu.linkonce.b.*)
 *(.rel.plt)
 *(.rela.plt)
 *(.rel.dyn)
 *(.init)
 *(.plt)
 *(.text .stub .text.* .gnu.linkonce.t.*)
 .text          0x00000000000081c0       0x3c ../hello_world_bsp//obj/HAL/src/crt0.o
                0x00000000000081c0                _start
 .text          0x00000000000081fc       0x34 obj/default/hello_world.o
                0x00000000000081fc                main
 .text          0x0000000000008230        0x0 c:/program_files/intelfpga_lite/18.1/nios2eds/bin/gnu/h-x86_64-mingw32/bin/../lib/gcc/nios2-elf/5.3.0/../../../../../H-x86_64-mingw32/nios2-elf/lib/mno-hw-mul\libsmallc.a(lib_a-puts.o)
 .text._puts_r  0x0000000000008230       0x80 c:/program_files/intelfpga_lite/18.1/nios2eds/bin/gnu/h-x86_64-mingw32/bin/../lib/gcc/nios2-elf/5.3.0/../../../../../H-x86_64-mingw32/nios2-elf/lib/mno-hw-mul\libsmallc.a(lib_a-puts.o)
                0x0000000000008230                _puts_r
 .text.puts     0x00000000000082b0       0x14 c:/program_files/intelfpga_lite/18.1/nios2eds/bin/gnu/h-x86_64-mingw32/bin/../lib/gcc/nios2-elf/5.3.0/../../../../../H-x86_64-mingw32/nios2-elf/lib/mno-hw-mul\libsmallc.a(lib_a-puts.o)
                0x00000000000082b0                puts
 .text          0x00000000000082c4        0x0 c:/program_files/intelfpga_lite/18.1/nios2eds/bin/gnu/h-x86_64-mingw32/bin/../lib/gcc/nios2-elf/5.3.0/../../../../../H-x86_64-mingw32/nios2-elf/lib/mno-hw-mul\libsmallc.a(lib_a-strlen.o)
 .text.strlen   0x00000000000082c4       0x1c c:/program_files/intelfpga_lite/18.1/nios2eds/bin/gnu/h-x86_64-mingw32/bin/../lib/gcc/nios2-elf/5.3.0/../../../../../H-x86_64-mingw32/nios2-elf/lib/mno-hw-mul\libsmallc.a(lib_a-strlen.o)
                0x00000000000082c4                strlen
 .text          0x00000000000082e0        0x0 c:/program_files/intelfpga_lite/18.1/nios2eds/bin/gnu/h-x86_64-mingw32/bin/../lib/gcc/nios2-elf/5.3.0/../../../../../H-x86_64-mingw32/nios2-elf/lib/mno-hw-mul\libsmallc.a(lib_a-fvwrite_small_dev.o)
 .text.__sfvwrite_small_dev
                0x00000000000082e0       0xb8 c:/program_files/intelfpga_lite/18.1/nios2eds/bin/gnu/h-x86_64-mingw32/bin/../lib/gcc/nios2-elf/5.3.0/../../../../../H-x86_64-mingw32/nios2-elf/lib/mno-hw-mul\libsmallc.a(lib_a-fvwrite_small_dev.o)
                0x00000000000082e0                __sfvwrite_small_dev
 .text          0x0000000000008398        0x0 c:/program_files/intelfpga_lite/18.1/nios2eds/bin/gnu/h-x86_64-mingw32/bin/../lib/gcc/nios2-elf/5.3.0/../../../../../H-x86_64-mingw32/nios2-elf/lib/mno-hw-mul\libsmallc.a(lib_a-impure.o)
 .text          0x0000000000008398        0x0 c:/program_files/intelfpga_lite/18.1/nios2eds/bin/gnu/h-x86_64-mingw32/bin/../lib/gcc/nios2-elf/5.3.0/../../../../../H-x86_64-mingw32/nios2-elf/lib/mno-hw-mul\libsmallc.a(lib_a-writer.o)
 .text._write_r
                0x0000000000008398       0x58 c:/program_files/intelfpga_lite/18.1/nios2eds/bin/gnu/h-x86_64-mingw32/bin/../lib/gcc/nios2-elf/5.3.0/../../../../../H-x86_64-mingw32/nios2-elf/lib/mno-hw-mul\libsmallc.a(lib_a-writer.o)
                0x0000000000008398                _write_r
 .text          0x00000000000083f0        0x0 c:/program_files/intelfpga_lite/18.1/nios2eds/bin/gnu/h-x86_64-mingw32/bin/../lib/gcc/nios2-elf/5.3.0/../../../../../H-x86_64-mingw32/nios2-elf/lib/mno-hw-mul\libsmallc.a(lib_a-int_errno.o)
 .text          0x00000000000083f0       0xec ../hello_world_bsp/\libhal_bsp.a(alt_load.o)
                0x0000000000008458                alt_load
 .text          0x00000000000084dc       0x6c ../hello_world_bsp/\libhal_bsp.a(alt_main.o)
                0x00000000000084dc                alt_main
 .text          0x0000000000008548      0x13c ../hello_world_bsp/\libhal_bsp.a(alt_write.o)
                0x0000000000008584                write
 .text          0x0000000000008684       0xbc ../hello_world_bsp/\libhal_bsp.a(alt_sys_init.o)
                0x00000000000086b8                alt_irq_init
                0x00000000000086f0                alt_sys_init
 .text          0x0000000000008740       0xc0 ../hello_world_bsp/\libhal_bsp.a(altera_avalon_jtag_uart_fd.o)
                0x0000000000008740                altera_avalon_jtag_uart_read_fd
                0x00000000000087a0                altera_avalon_jtag_uart_write_fd
 .text          0x0000000000008800       0xec ../hello_world_bsp/\libhal_bsp.a(altera_avalon_jtag_uart_read.o)
                0x0000000000008800                altera_avalon_jtag_uart_read
 .text          0x00000000000088ec       0x94 ../hello_world_bsp/\libhal_bsp.a(altera_avalon_jtag_uart_write.o)
                0x00000000000088ec                altera_avalon_jtag_uart_write
 .text          0x0000000000008980       0xf4 ../hello_world_bsp/\libhal_bsp.a(altera_avalon_timer_sc.o)
                0x00000000000089f8                alt_avalon_timer_sc_init
 .text          0x0000000000008a74      0x114 ../hello_world_bsp/\libhal_bsp.a(alt_close.o)
                0x0000000000008ab0                close
 .text          0x0000000000008b88       0x20 ../hello_world_bsp/\libhal_bsp.a(alt_dcache_flush_all.o)
                0x0000000000008b88                alt_dcache_flush_all
 .text          0x0000000000008ba8       0x2c ../hello_world_bsp/\libhal_bsp.a(alt_dev.o)
 .text          0x0000000000008bd4       0xe0 ../hello_world_bsp/\libhal_bsp.a(alt_dev_llist_insert.o)
                0x0000000000008c10                alt_dev_llist_insert
 .text          0x0000000000008cb4        0x0 ../hello_world_bsp/\libhal_bsp.a(alt_errno.o)
 .text          0x0000000000008cb4       0x34 ../hello_world_bsp/\libhal_bsp.a(alt_icache_flush_all.o)
                0x0000000000008cb4                alt_icache_flush_all
 .text          0x0000000000008ce8      0x1b0 ../hello_world_bsp/\libhal_bsp.a(alt_iic.o)
                0x0000000000008ce8                alt_ic_isr_register
                0x0000000000008d38                alt_ic_irq_enable
                0x0000000000008dc0                alt_ic_irq_disable
                0x0000000000008e4c                alt_ic_irq_enabled
 .text          0x0000000000008e98       0xf0 ../hello_world_bsp/\libhal_bsp.a(alt_iic_isr_register.o)
                0x0000000000008e98                alt_iic_isr_register
 .text          0x0000000000008f88      0x160 ../hello_world_bsp/\libhal_bsp.a(alt_io_redirect.o)
                0x000000000000906c                alt_io_redirect
 .text          0x00000000000090e8        0x0 ../hello_world_bsp/\libhal_bsp.a(alt_irq_entry.o)
 .text          0x00000000000090e8        0x0 ../hello_world_bsp/\libhal_bsp.a(alt_irq_handler.o)
 .text          0x00000000000090e8        0x0 ../hello_world_bsp/\libhal_bsp.a(alt_irq_vars.o)
 .text          0x00000000000090e8      0x284 ../hello_world_bsp/\libhal_bsp.a(alt_open.o)
                0x0000000000009210                open
 .text          0x000000000000936c       0x84 ../hello_world_bsp/\libhal_bsp.a(alt_release_fd.o)
                0x000000000000936c                alt_release_fd
 .text          0x00000000000093f0      0x1a4 ../hello_world_bsp/\libhal_bsp.a(alt_tick.o)
                0x00000000000093f0                alt_alarm_stop
                0x000000000000948c                alt_tick
 .text          0x0000000000009594       0x24 ../hello_world_bsp/\libhal_bsp.a(altera_nios2_qsys_irq.o)
                0x0000000000009594                altera_nios2_qsys_irq_init
 .text          0x00000000000095b8        0x0 ../hello_world_bsp/\libhal_bsp.a(alt_exception_entry.o)
 .text          0x00000000000095b8       0x90 ../hello_world_bsp/\libhal_bsp.a(alt_find_dev.o)
                0x00000000000095b8                alt_find_dev
 .text          0x0000000000009648      0x108 ../hello_world_bsp/\libhal_bsp.a(alt_find_file.o)
                0x0000000000009648                alt_find_file
 .text          0x0000000000009750       0xc4 ../hello_world_bsp/\libhal_bsp.a(alt_get_fd.o)
                0x0000000000009750                alt_get_fd
 .text          0x0000000000009814       0x90 ../hello_world_bsp/\libhal_bsp.a(alt_icache_flush.o)
                0x0000000000009814                alt_icache_flush
 .text          0x00000000000098a4        0x0 c:/program_files/intelfpga_lite/18.1/nios2eds/bin/gnu/h-x86_64-mingw32/bin/../lib/gcc/nios2-elf/5.3.0/../../../../../H-x86_64-mingw32/nios2-elf/lib/mno-hw-mul\libsmallc.a(lib_a-exit.o)
 .text.exit     0x00000000000098a4       0x20 c:/program_files/intelfpga_lite/18.1/nios2eds/bin/gnu/h-x86_64-mingw32/bin/../lib/gcc/nios2-elf/5.3.0/../../../../../H-x86_64-mingw32/nios2-elf/lib/mno-hw-mul\libsmallc.a(lib_a-exit.o)
                0x00000000000098a4                exit
 .text          0x00000000000098c4        0x0 c:/program_files/intelfpga_lite/18.1/nios2eds/bin/gnu/h-x86_64-mingw32/bin/../lib/gcc/nios2-elf/5.3.0/../../../../../H-x86_64-mingw32/nios2-elf/lib/mno-hw-mul\libsmallc.a(lib_a-memcmp.o)
 .text.memcmp   0x00000000000098c4       0x30 c:/program_files/intelfpga_lite/18.1/nios2eds/bin/gnu/h-x86_64-mingw32/bin/../lib/gcc/nios2-elf/5.3.0/../../../../../H-x86_64-mingw32/nios2-elf/lib/mno-hw-mul\libsmallc.a(lib_a-memcmp.o)
                0x00000000000098c4                memcmp
 .text          0x00000000000098f4        0x0 c:/program_files/intelfpga_lite/18.1/nios2eds/bin/gnu/h-x86_64-mingw32/bin/../lib/gcc/nios2-elf/5.3.0/../../../../../H-x86_64-mingw32/nios2-elf/lib/mno-hw-mul\libsmallc.a(lib_a-__call_atexit.o)
 .text.__call_exitprocs
                0x00000000000098f4      0x190 c:/program_files/intelfpga_lite/18.1/nios2eds/bin/gnu/h-x86_64-mingw32/bin/../lib/gcc/nios2-elf/5.3.0/../../../../../H-x86_64-mingw32/nios2-elf/lib/mno-hw-mul\libsmallc.a(lib_a-__call_atexit.o)
                0x00000000000098f4                __call_exitprocs
 .text          0x0000000000009a84       0x28 c:/program_files/intelfpga_lite/18.1/nios2eds/bin/gnu/h-x86_64-mingw32/bin/../lib/gcc/nios2-elf/5.3.0/mno-hw-mul\libgcc.a(lib2-mul.o)
                0x0000000000009a84                __mulsi3
 .text          0x0000000000009aac       0x34 ../hello_world_bsp/\libhal_bsp.a(alt_exit.o)
                0x0000000000009aac                _exit
 *(.gnu.warning.*)
 *(.fini)
                [!provide]                        PROVIDE (__etext, ABSOLUTE (.))
                [!provide]                        PROVIDE (_etext, ABSOLUTE (.))
                [!provide]                        PROVIDE (etext, ABSOLUTE (.))
 *(.eh_frame_hdr)
                0x0000000000009ae0                . = ALIGN (0x4)
                [!provide]                        PROVIDE (__preinit_array_start, ABSOLUTE (.))
 *(.preinit_array)
                [!provide]                        PROVIDE (__preinit_array_end, ABSOLUTE (.))
                [!provide]                        PROVIDE (__init_array_start, ABSOLUTE (.))
 *(.init_array)
                [!provide]                        PROVIDE (__init_array_end, ABSOLUTE (.))
                [!provide]                        PROVIDE (__fini_array_start, ABSOLUTE (.))
 *(.fini_array)
                [!provide]                        PROVIDE (__fini_array_end, ABSOLUTE (.))
 *(.eh_frame)
 *(.gcc_except_table .gcc_except_table.*)
 *(.dynamic)
                [!provide]                        PROVIDE (__CTOR_LIST__, ABSOLUTE (.))
 *(.ctors)
 *(SORT(.ctors.*))
                [!provide]                        PROVIDE (__CTOR_END__, ABSOLUTE (.))
                [!provide]                        PROVIDE (__DTOR_LIST__, ABSOLUTE (.))
 *(.dtors)
 *(SORT(.dtors.*))
                [!provide]                        PROVIDE (__DTOR_END__, ABSOLUTE (.))
 *(.jcr)
                0x0000000000009ae0                . = ALIGN (0x4)

.rodata         0x0000000000009ae0       0x44
                0x0000000000009ae0                PROVIDE (__ram_rodata_start, ABSOLUTE (.))
                0x0000000000009ae0                . = ALIGN (0x4)
 *(.rodata .rodata.* .gnu.linkonce.r.*)
 .rodata        0x0000000000009ae0       0x14 obj/default/hello_world.o
 .rodata.str1.4
                0x0000000000009af4        0x4 c:/program_files/intelfpga_lite/18.1/nios2eds/bin/gnu/h-x86_64-mingw32/bin/../lib/gcc/nios2-elf/5.3.0/../../../../../H-x86_64-mingw32/nios2-elf/lib/mno-hw-mul\libsmallc.a(lib_a-puts.o)
                                          0x2 (size before relaxing)
 .rodata        0x0000000000009af8        0xf ../hello_world_bsp/\libhal_bsp.a(alt_main.o)
 *fill*         0x0000000000009b07        0x1 
 .rodata        0x0000000000009b08        0xf ../hello_world_bsp/\libhal_bsp.a(alt_sys_init.o)
 *fill*         0x0000000000009b17        0x1 
 .rodata        0x0000000000009b18        0xa ../hello_world_bsp/\libhal_bsp.a(alt_dev.o)
 *(.rodata1)
                0x0000000000009b24                . = ALIGN (0x4)
 *fill*         0x0000000000009b22        0x2 
                0x0000000000009b24                PROVIDE (__ram_rodata_end, ABSOLUTE (.))
                0x0000000000009ae0                PROVIDE (__flash_rodata_start, LOADADDR (.rodata))

.rwdata         0x0000000000009b24      0x2e0 load address 0x0000000000009e04
                0x0000000000009b24                PROVIDE (__ram_rwdata_start, ABSOLUTE (.))
                0x0000000000009b24                . = ALIGN (0x4)
 *(.got.plt)
 *(.got)
 *(.data1)
 *(.data .data.* .gnu.linkonce.d.*)
 .data          0x0000000000009b24        0x0 ../hello_world_bsp//obj/HAL/src/crt0.o
 .data          0x0000000000009b24        0x0 obj/default/hello_world.o
 .data          0x0000000000009b24        0x0 c:/program_files/intelfpga_lite/18.1/nios2eds/bin/gnu/h-x86_64-mingw32/bin/../lib/gcc/nios2-elf/5.3.0/../../../../../H-x86_64-mingw32/nios2-elf/lib/mno-hw-mul\libsmallc.a(lib_a-puts.o)
 .data          0x0000000000009b24        0x0 c:/program_files/intelfpga_lite/18.1/nios2eds/bin/gnu/h-x86_64-mingw32/bin/../lib/gcc/nios2-elf/5.3.0/../../../../../H-x86_64-mingw32/nios2-elf/lib/mno-hw-mul\libsmallc.a(lib_a-strlen.o)
 .data          0x0000000000009b24        0x0 c:/program_files/intelfpga_lite/18.1/nios2eds/bin/gnu/h-x86_64-mingw32/bin/../lib/gcc/nios2-elf/5.3.0/../../../../../H-x86_64-mingw32/nios2-elf/lib/mno-hw-mul\libsmallc.a(lib_a-fvwrite_small_dev.o)
 .data          0x0000000000009b24        0x0 c:/program_files/intelfpga_lite/18.1/nios2eds/bin/gnu/h-x86_64-mingw32/bin/../lib/gcc/nios2-elf/5.3.0/../../../../../H-x86_64-mingw32/nios2-elf/lib/mno-hw-mul\libsmallc.a(lib_a-impure.o)
 .data.impure_data
                0x0000000000009b24       0xe0 c:/program_files/intelfpga_lite/18.1/nios2eds/bin/gnu/h-x86_64-mingw32/bin/../lib/gcc/nios2-elf/5.3.0/../../../../../H-x86_64-mingw32/nios2-elf/lib/mno-hw-mul\libsmallc.a(lib_a-impure.o)
 .data          0x0000000000009c04        0x0 c:/program_files/intelfpga_lite/18.1/nios2eds/bin/gnu/h-x86_64-mingw32/bin/../lib/gcc/nios2-elf/5.3.0/../../../../../H-x86_64-mingw32/nios2-elf/lib/mno-hw-mul\libsmallc.a(lib_a-writer.o)
 .data          0x0000000000009c04        0x0 c:/program_files/intelfpga_lite/18.1/nios2eds/bin/gnu/h-x86_64-mingw32/bin/../lib/gcc/nios2-elf/5.3.0/../../../../../H-x86_64-mingw32/nios2-elf/lib/mno-hw-mul\libsmallc.a(lib_a-int_errno.o)
 .data          0x0000000000009c04        0x0 ../hello_world_bsp/\libhal_bsp.a(alt_load.o)
 .data          0x0000000000009c04        0x0 ../hello_world_bsp/\libhal_bsp.a(alt_main.o)
 .data          0x0000000000009c04        0x0 ../hello_world_bsp/\libhal_bsp.a(alt_write.o)
 .data          0x0000000000009c04       0x2c ../hello_world_bsp/\libhal_bsp.a(alt_sys_init.o)
 .data          0x0000000000009c30        0x0 ../hello_world_bsp/\libhal_bsp.a(altera_avalon_jtag_uart_fd.o)
 .data          0x0000000000009c30        0x0 ../hello_world_bsp/\libhal_bsp.a(altera_avalon_jtag_uart_read.o)
 .data          0x0000000000009c30        0x0 ../hello_world_bsp/\libhal_bsp.a(altera_avalon_jtag_uart_write.o)
 .data          0x0000000000009c30        0x0 ../hello_world_bsp/\libhal_bsp.a(altera_avalon_timer_sc.o)
 .data          0x0000000000009c30        0x0 ../hello_world_bsp/\libhal_bsp.a(alt_close.o)
 .data          0x0000000000009c30        0x0 ../hello_world_bsp/\libhal_bsp.a(alt_dcache_flush_all.o)
 .data          0x0000000000009c30      0x1a8 ../hello_world_bsp/\libhal_bsp.a(alt_dev.o)
                0x0000000000009c30                alt_dev_null
                0x0000000000009c58                alt_fd_list
 .data          0x0000000000009dd8        0x0 ../hello_world_bsp/\libhal_bsp.a(alt_dev_llist_insert.o)
 .data          0x0000000000009dd8        0x0 ../hello_world_bsp/\libhal_bsp.a(alt_errno.o)
 .data          0x0000000000009dd8        0x0 ../hello_world_bsp/\libhal_bsp.a(alt_icache_flush_all.o)
 .data          0x0000000000009dd8        0x0 ../hello_world_bsp/\libhal_bsp.a(alt_iic.o)
 .data          0x0000000000009dd8        0x0 ../hello_world_bsp/\libhal_bsp.a(alt_iic_isr_register.o)
 .data          0x0000000000009dd8        0x0 ../hello_world_bsp/\libhal_bsp.a(alt_io_redirect.o)
 .data          0x0000000000009dd8        0x0 ../hello_world_bsp/\libhal_bsp.a(alt_irq_entry.o)
 .data          0x0000000000009dd8        0x0 ../hello_world_bsp/\libhal_bsp.a(alt_irq_handler.o)
 .data          0x0000000000009dd8        0x0 ../hello_world_bsp/\libhal_bsp.a(alt_irq_vars.o)
 .data          0x0000000000009dd8        0x0 ../hello_world_bsp/\libhal_bsp.a(alt_open.o)
 .data          0x0000000000009dd8        0x0 ../hello_world_bsp/\libhal_bsp.a(alt_release_fd.o)
 .data          0x0000000000009dd8        0x0 ../hello_world_bsp/\libhal_bsp.a(alt_tick.o)
 .data          0x0000000000009dd8        0x0 ../hello_world_bsp/\libhal_bsp.a(altera_nios2_qsys_irq.o)
 .data          0x0000000000009dd8        0x0 ../hello_world_bsp/\libhal_bsp.a(alt_exception_entry.o)
 .data          0x0000000000009dd8        0x0 ../hello_world_bsp/\libhal_bsp.a(alt_find_dev.o)
 .data          0x0000000000009dd8        0x0 ../hello_world_bsp/\libhal_bsp.a(alt_find_file.o)
 .data          0x0000000000009dd8        0x0 ../hello_world_bsp/\libhal_bsp.a(alt_get_fd.o)
 .data          0x0000000000009dd8        0x0 ../hello_world_bsp/\libhal_bsp.a(alt_icache_flush.o)
 .data          0x0000000000009dd8        0x0 c:/program_files/intelfpga_lite/18.1/nios2eds/bin/gnu/h-x86_64-mingw32/bin/../lib/gcc/nios2-elf/5.3.0/../../../../../H-x86_64-mingw32/nios2-elf/lib/mno-hw-mul\libsmallc.a(lib_a-exit.o)
 .data          0x0000000000009dd8        0x0 c:/program_files/intelfpga_lite/18.1/nios2eds/bin/gnu/h-x86_64-mingw32/bin/../lib/gcc/nios2-elf/5.3.0/../../../../../H-x86_64-mingw32/nios2-elf/lib/mno-hw-mul\libsmallc.a(lib_a-memcmp.o)
 .data          0x0000000000009dd8        0x0 c:/program_files/intelfpga_lite/18.1/nios2eds/bin/gnu/h-x86_64-mingw32/bin/../lib/gcc/nios2-elf/5.3.0/../../../../../H-x86_64-mingw32/nios2-elf/lib/mno-hw-mul\libsmallc.a(lib_a-__call_atexit.o)
 .data          0x0000000000009dd8        0x0 c:/program_files/intelfpga_lite/18.1/nios2eds/bin/gnu/h-x86_64-mingw32/bin/../lib/gcc/nios2-elf/5.3.0/mno-hw-mul\libgcc.a(lib2-mul.o)
 .data          0x0000000000009dd8        0x0 ../hello_world_bsp/\libhal_bsp.a(alt_exit.o)
                0x0000000000011dd8                _gp = ABSOLUTE ((. + 0x8000))
                [!provide]                        PROVIDE (gp, _gp)
 *(.rwdata .rwdata.*)
 *(.sdata .sdata.* .gnu.linkonce.s.*)
 .sdata._global_impure_ptr
                0x0000000000009dd8        0x4 c:/program_files/intelfpga_lite/18.1/nios2eds/bin/gnu/h-x86_64-mingw32/bin/../lib/gcc/nios2-elf/5.3.0/../../../../../H-x86_64-mingw32/nios2-elf/lib/mno-hw-mul\libsmallc.a(lib_a-impure.o)
                0x0000000000009dd8                _global_impure_ptr
 .sdata._impure_ptr
                0x0000000000009ddc        0x4 c:/program_files/intelfpga_lite/18.1/nios2eds/bin/gnu/h-x86_64-mingw32/bin/../lib/gcc/nios2-elf/5.3.0/../../../../../H-x86_64-mingw32/nios2-elf/lib/mno-hw-mul\libsmallc.a(lib_a-impure.o)
                0x0000000000009ddc                _impure_ptr
 .sdata         0x0000000000009de0       0x14 ../hello_world_bsp/\libhal_bsp.a(alt_dev.o)
                0x0000000000009de0                alt_fs_list
                0x0000000000009de8                alt_dev_list
                0x0000000000009df0                alt_max_fd
 .sdata         0x0000000000009df4        0x4 ../hello_world_bsp/\libhal_bsp.a(alt_errno.o)
                0x0000000000009df4                alt_errno
 .sdata         0x0000000000009df8        0x4 ../hello_world_bsp/\libhal_bsp.a(alt_irq_vars.o)
                0x0000000000009df8                alt_priority_mask
 .sdata         0x0000000000009dfc        0x8 ../hello_world_bsp/\libhal_bsp.a(alt_tick.o)
                0x0000000000009dfc                alt_alarm_list
 *(.sdata2 .sdata2.* .gnu.linkonce.s2.*)
                0x0000000000009e04                . = ALIGN (0x4)
                0x0000000000009e04                _edata = ABSOLUTE (.)
                [!provide]                        PROVIDE (edata, ABSOLUTE (.))
                0x0000000000009e04                PROVIDE (__ram_rwdata_end, ABSOLUTE (.))
                0x0000000000009e04                PROVIDE (__flash_rwdata_start, LOADADDR (.rwdata))

.bss            0x000000000000a0e4      0x11c
                0x000000000000a0e4                __bss_start = ABSOLUTE (.)
                [!provide]                        PROVIDE (__sbss_start, ABSOLUTE (.))
                [!provide]                        PROVIDE (___sbss_start, ABSOLUTE (.))
 *(.dynsbss)
 *(.sbss .sbss.* .gnu.linkonce.sb.*)
 .sbss          0x000000000000a0e4        0x4 c:/program_files/intelfpga_lite/18.1/nios2eds/bin/gnu/h-x86_64-mingw32/bin/../lib/gcc/nios2-elf/5.3.0/../../../../../H-x86_64-mingw32/nios2-elf/lib/mno-hw-mul\libsmallc.a(lib_a-int_errno.o)
                0x000000000000a0e4                errno
 .sbss          0x000000000000a0e8        0xc ../hello_world_bsp/\libhal_bsp.a(alt_main.o)
                0x000000000000a0e8                alt_argc
                0x000000000000a0ec                alt_argv
                0x000000000000a0f0                alt_envp
 .sbss          0x000000000000a0f4        0x4 ../hello_world_bsp/\libhal_bsp.a(alt_irq_vars.o)
                0x000000000000a0f4                alt_irq_active
 .sbss          0x000000000000a0f8        0x8 ../hello_world_bsp/\libhal_bsp.a(alt_tick.o)
                0x000000000000a0f8                _alt_tick_rate
                0x000000000000a0fc                _alt_nticks
 *(.sbss2 .sbss2.* .gnu.linkonce.sb2.*)
 *(.scommon)
                [!provide]                        PROVIDE (__sbss_end, ABSOLUTE (.))
                [!provide]                        PROVIDE (___sbss_end, ABSOLUTE (.))
 *(.dynbss)
 *(.bss .bss.* .gnu.linkonce.b.*)
 .bss           0x000000000000a100        0x0 ../hello_world_bsp//obj/HAL/src/crt0.o
 .bss           0x000000000000a100        0x0 obj/default/hello_world.o
 .bss           0x000000000000a100        0x0 c:/program_files/intelfpga_lite/18.1/nios2eds/bin/gnu/h-x86_64-mingw32/bin/../lib/gcc/nios2-elf/5.3.0/../../../../../H-x86_64-mingw32/nios2-elf/lib/mno-hw-mul\libsmallc.a(lib_a-puts.o)
 .bss           0x000000000000a100        0x0 c:/program_files/intelfpga_lite/18.1/nios2eds/bin/gnu/h-x86_64-mingw32/bin/../lib/gcc/nios2-elf/5.3.0/../../../../../H-x86_64-mingw32/nios2-elf/lib/mno-hw-mul\libsmallc.a(lib_a-strlen.o)
 .bss           0x000000000000a100        0x0 c:/program_files/intelfpga_lite/18.1/nios2eds/bin/gnu/h-x86_64-mingw32/bin/../lib/gcc/nios2-elf/5.3.0/../../../../../H-x86_64-mingw32/nios2-elf/lib/mno-hw-mul\libsmallc.a(lib_a-fvwrite_small_dev.o)
 .bss           0x000000000000a100        0x0 c:/program_files/intelfpga_lite/18.1/nios2eds/bin/gnu/h-x86_64-mingw32/bin/../lib/gcc/nios2-elf/5.3.0/../../../../../H-x86_64-mingw32/nios2-elf/lib/mno-hw-mul\libsmallc.a(lib_a-impure.o)
 .bss           0x000000000000a100        0x0 c:/program_files/intelfpga_lite/18.1/nios2eds/bin/gnu/h-x86_64-mingw32/bin/../lib/gcc/nios2-elf/5.3.0/../../../../../H-x86_64-mingw32/nios2-elf/lib/mno-hw-mul\libsmallc.a(lib_a-writer.o)
 .bss           0x000000000000a100        0x0 c:/program_files/intelfpga_lite/18.1/nios2eds/bin/gnu/h-x86_64-mingw32/bin/../lib/gcc/nios2-elf/5.3.0/../../../../../H-x86_64-mingw32/nios2-elf/lib/mno-hw-mul\libsmallc.a(lib_a-int_errno.o)
 .bss           0x000000000000a100        0x0 ../hello_world_bsp/\libhal_bsp.a(alt_load.o)
 .bss           0x000000000000a100        0x0 ../hello_world_bsp/\libhal_bsp.a(alt_main.o)
 .bss           0x000000000000a100        0x0 ../hello_world_bsp/\libhal_bsp.a(alt_write.o)
 .bss           0x000000000000a100        0x0 ../hello_world_bsp/\libhal_bsp.a(alt_sys_init.o)
 .bss           0x000000000000a100        0x0 ../hello_world_bsp/\libhal_bsp.a(altera_avalon_jtag_uart_fd.o)
 .bss           0x000000000000a100        0x0 ../hello_world_bsp/\libhal_bsp.a(altera_avalon_jtag_uart_read.o)
 .bss           0x000000000000a100        0x0 ../hello_world_bsp/\libhal_bsp.a(altera_avalon_jtag_uart_write.o)
 .bss           0x000000000000a100        0x0 ../hello_world_bsp/\libhal_bsp.a(altera_avalon_timer_sc.o)
 .bss           0x000000000000a100        0x0 ../hello_world_bsp/\libhal_bsp.a(alt_close.o)
 .bss           0x000000000000a100        0x0 ../hello_world_bsp/\libhal_bsp.a(alt_dcache_flush_all.o)
 .bss           0x000000000000a100        0x0 ../hello_world_bsp/\libhal_bsp.a(alt_dev.o)
 .bss           0x000000000000a100        0x0 ../hello_world_bsp/\libhal_bsp.a(alt_dev_llist_insert.o)
 .bss           0x000000000000a100        0x0 ../hello_world_bsp/\libhal_bsp.a(alt_errno.o)
 .bss           0x000000000000a100        0x0 ../hello_world_bsp/\libhal_bsp.a(alt_icache_flush_all.o)
 .bss           0x000000000000a100        0x0 ../hello_world_bsp/\libhal_bsp.a(alt_iic.o)
 .bss           0x000000000000a100        0x0 ../hello_world_bsp/\libhal_bsp.a(alt_iic_isr_register.o)
 .bss           0x000000000000a100        0x0 ../hello_world_bsp/\libhal_bsp.a(alt_io_redirect.o)
 .bss           0x000000000000a100        0x0 ../hello_world_bsp/\libhal_bsp.a(alt_irq_entry.o)
 .bss           0x000000000000a100        0x0 ../hello_world_bsp/\libhal_bsp.a(alt_irq_handler.o)
 .bss           0x000000000000a100        0x0 ../hello_world_bsp/\libhal_bsp.a(alt_irq_vars.o)
 .bss           0x000000000000a100        0x0 ../hello_world_bsp/\libhal_bsp.a(alt_open.o)
 .bss           0x000000000000a100        0x0 ../hello_world_bsp/\libhal_bsp.a(alt_release_fd.o)
 .bss           0x000000000000a100        0x0 ../hello_world_bsp/\libhal_bsp.a(alt_tick.o)
 .bss           0x000000000000a100        0x0 ../hello_world_bsp/\libhal_bsp.a(altera_nios2_qsys_irq.o)
 .bss           0x000000000000a100        0x0 ../hello_world_bsp/\libhal_bsp.a(alt_exception_entry.o)
 .bss           0x000000000000a100        0x0 ../hello_world_bsp/\libhal_bsp.a(alt_find_dev.o)
 .bss           0x000000000000a100        0x0 ../hello_world_bsp/\libhal_bsp.a(alt_find_file.o)
 .bss           0x000000000000a100        0x0 ../hello_world_bsp/\libhal_bsp.a(alt_get_fd.o)
 .bss           0x000000000000a100        0x0 ../hello_world_bsp/\libhal_bsp.a(alt_icache_flush.o)
 .bss           0x000000000000a100        0x0 c:/program_files/intelfpga_lite/18.1/nios2eds/bin/gnu/h-x86_64-mingw32/bin/../lib/gcc/nios2-elf/5.3.0/../../../../../H-x86_64-mingw32/nios2-elf/lib/mno-hw-mul\libsmallc.a(lib_a-exit.o)
 .bss           0x000000000000a100        0x0 c:/program_files/intelfpga_lite/18.1/nios2eds/bin/gnu/h-x86_64-mingw32/bin/../lib/gcc/nios2-elf/5.3.0/../../../../../H-x86_64-mingw32/nios2-elf/lib/mno-hw-mul\libsmallc.a(lib_a-memcmp.o)
 .bss           0x000000000000a100        0x0 c:/program_files/intelfpga_lite/18.1/nios2eds/bin/gnu/h-x86_64-mingw32/bin/../lib/gcc/nios2-elf/5.3.0/../../../../../H-x86_64-mingw32/nios2-elf/lib/mno-hw-mul\libsmallc.a(lib_a-__call_atexit.o)
 .bss           0x000000000000a100        0x0 c:/program_files/intelfpga_lite/18.1/nios2eds/bin/gnu/h-x86_64-mingw32/bin/../lib/gcc/nios2-elf/5.3.0/mno-hw-mul\libgcc.a(lib2-mul.o)
 .bss           0x000000000000a100        0x0 ../hello_world_bsp/\libhal_bsp.a(alt_exit.o)
 *(COMMON)
 COMMON         0x000000000000a100      0x100 ../hello_world_bsp/\libhal_bsp.a(alt_irq_handler.o)
                0x000000000000a100                alt_irq
                0x000000000000a200                . = ALIGN (0x4)
                0x000000000000a200                __bss_end = ABSOLUTE (.)

.onchip_mem     0x000000000000a200        0x0
                [!provide]                        PROVIDE (_alt_partition_onchip_mem_start, ABSOLUTE (.))
 *(.onchip_mem .onchip_mem. onchip_mem.*)
                0x000000000000a200                . = ALIGN (0x4)
                [!provide]                        PROVIDE (_alt_partition_onchip_mem_end, ABSOLUTE (.))
                0x000000000000a200                _end = ABSOLUTE (.)
                0x000000000000a200                end = ABSOLUTE (.)
                0x000000000000a200                __alt_stack_base = ABSOLUTE (.)
                [!provide]                        PROVIDE (_alt_partition_onchip_mem_load_addr, LOADADDR (.onchip_mem))

.stab
 *(.stab)

.stabstr
 *(.stabstr)

.stab.excl
 *(.stab.excl)

.stab.exclstr
 *(.stab.exclstr)

.stab.index
 *(.stab.index)

.stab.indexstr
 *(.stab.indexstr)

.comment        0x0000000000000000       0x23
 *(.comment)
 .comment       0x0000000000000000       0x23 obj/default/hello_world.o
                                         0x24 (size before relaxing)
 .comment       0x0000000000000023       0x24 c:/program_files/intelfpga_lite/18.1/nios2eds/bin/gnu/h-x86_64-mingw32/bin/../lib/gcc/nios2-elf/5.3.0/../../../../../H-x86_64-mingw32/nios2-elf/lib/mno-hw-mul\libsmallc.a(lib_a-puts.o)
 .comment       0x0000000000000023       0x24 c:/program_files/intelfpga_lite/18.1/nios2eds/bin/gnu/h-x86_64-mingw32/bin/../lib/gcc/nios2-elf/5.3.0/../../../../../H-x86_64-mingw32/nios2-elf/lib/mno-hw-mul\libsmallc.a(lib_a-strlen.o)
 .comment       0x0000000000000023       0x24 c:/program_files/intelfpga_lite/18.1/nios2eds/bin/gnu/h-x86_64-mingw32/bin/../lib/gcc/nios2-elf/5.3.0/../../../../../H-x86_64-mingw32/nios2-elf/lib/mno-hw-mul\libsmallc.a(lib_a-fvwrite_small_dev.o)
 .comment       0x0000000000000023       0x24 c:/program_files/intelfpga_lite/18.1/nios2eds/bin/gnu/h-x86_64-mingw32/bin/../lib/gcc/nios2-elf/5.3.0/../../../../../H-x86_64-mingw32/nios2-elf/lib/mno-hw-mul\libsmallc.a(lib_a-impure.o)
 .comment       0x0000000000000023       0x24 c:/program_files/intelfpga_lite/18.1/nios2eds/bin/gnu/h-x86_64-mingw32/bin/../lib/gcc/nios2-elf/5.3.0/../../../../../H-x86_64-mingw32/nios2-elf/lib/mno-hw-mul\libsmallc.a(lib_a-writer.o)
 .comment       0x0000000000000023       0x24 c:/program_files/intelfpga_lite/18.1/nios2eds/bin/gnu/h-x86_64-mingw32/bin/../lib/gcc/nios2-elf/5.3.0/../../../../../H-x86_64-mingw32/nios2-elf/lib/mno-hw-mul\libsmallc.a(lib_a-int_errno.o)
 .comment       0x0000000000000023       0x24 ../hello_world_bsp/\libhal_bsp.a(alt_load.o)
 .comment       0x0000000000000023       0x24 ../hello_world_bsp/\libhal_bsp.a(alt_main.o)
 .comment       0x0000000000000023       0x24 ../hello_world_bsp/\libhal_bsp.a(alt_write.o)
 .comment       0x0000000000000023       0x24 ../hello_world_bsp/\libhal_bsp.a(alt_sys_init.o)
 .comment       0x0000000000000023       0x24 ../hello_world_bsp/\libhal_bsp.a(altera_avalon_jtag_uart_fd.o)
 .comment       0x0000000000000023       0x24 ../hello_world_bsp/\libhal_bsp.a(altera_avalon_jtag_uart_read.o)
 .comment       0x0000000000000023       0x24 ../hello_world_bsp/\libhal_bsp.a(altera_avalon_jtag_uart_write.o)
 .comment       0x0000000000000023       0x24 ../hello_world_bsp/\libhal_bsp.a(altera_avalon_timer_sc.o)
 .comment       0x0000000000000023       0x24 ../hello_world_bsp/\libhal_bsp.a(alt_close.o)
 .comment       0x0000000000000023       0x24 ../hello_world_bsp/\libhal_bsp.a(alt_dcache_flush_all.o)
 .comment       0x0000000000000023       0x24 ../hello_world_bsp/\libhal_bsp.a(alt_dev.o)
 .comment       0x0000000000000023       0x24 ../hello_world_bsp/\libhal_bsp.a(alt_dev_llist_insert.o)
 .comment       0x0000000000000023       0x24 ../hello_world_bsp/\libhal_bsp.a(alt_errno.o)
 .comment       0x0000000000000023       0x24 ../hello_world_bsp/\libhal_bsp.a(alt_icache_flush_all.o)
 .comment       0x0000000000000023       0x24 ../hello_world_bsp/\libhal_bsp.a(alt_iic.o)
 .comment       0x0000000000000023       0x24 ../hello_world_bsp/\libhal_bsp.a(alt_iic_isr_register.o)
 .comment       0x0000000000000023       0x24 ../hello_world_bsp/\libhal_bsp.a(alt_io_redirect.o)
 .comment       0x0000000000000023       0x24 ../hello_world_bsp/\libhal_bsp.a(alt_irq_handler.o)
 .comment       0x0000000000000023       0x24 ../hello_world_bsp/\libhal_bsp.a(alt_irq_vars.o)
 .comment       0x0000000000000023       0x24 ../hello_world_bsp/\libhal_bsp.a(alt_open.o)
 .comment       0x0000000000000023       0x24 ../hello_world_bsp/\libhal_bsp.a(alt_release_fd.o)
 .comment       0x0000000000000023       0x24 ../hello_world_bsp/\libhal_bsp.a(alt_tick.o)
 .comment       0x0000000000000023       0x24 ../hello_world_bsp/\libhal_bsp.a(altera_nios2_qsys_irq.o)
 .comment       0x0000000000000023       0x24 ../hello_world_bsp/\libhal_bsp.a(alt_find_dev.o)
 .comment       0x0000000000000023       0x24 ../hello_world_bsp/\libhal_bsp.a(alt_find_file.o)
 .comment       0x0000000000000023       0x24 ../hello_world_bsp/\libhal_bsp.a(alt_get_fd.o)
 .comment       0x0000000000000023       0x24 ../hello_world_bsp/\libhal_bsp.a(alt_icache_flush.o)
 .comment       0x0000000000000023       0x24 c:/program_files/intelfpga_lite/18.1/nios2eds/bin/gnu/h-x86_64-mingw32/bin/../lib/gcc/nios2-elf/5.3.0/../../../../../H-x86_64-mingw32/nios2-elf/lib/mno-hw-mul\libsmallc.a(lib_a-exit.o)
 .comment       0x0000000000000023       0x24 c:/program_files/intelfpga_lite/18.1/nios2eds/bin/gnu/h-x86_64-mingw32/bin/../lib/gcc/nios2-elf/5.3.0/../../../../../H-x86_64-mingw32/nios2-elf/lib/mno-hw-mul\libsmallc.a(lib_a-memcmp.o)
 .comment       0x0000000000000023       0x24 c:/program_files/intelfpga_lite/18.1/nios2eds/bin/gnu/h-x86_64-mingw32/bin/../lib/gcc/nios2-elf/5.3.0/../../../../../H-x86_64-mingw32/nios2-elf/lib/mno-hw-mul\libsmallc.a(lib_a-__call_atexit.o)
 .comment       0x0000000000000023       0x24 c:/program_files/intelfpga_lite/18.1/nios2eds/bin/gnu/h-x86_64-mingw32/bin/../lib/gcc/nios2-elf/5.3.0/mno-hw-mul\libgcc.a(lib2-mul.o)
 .comment       0x0000000000000023       0x24 ../hello_world_bsp/\libhal_bsp.a(alt_exit.o)

.debug
 *(.debug)

.line
 *(.line)

.debug_srcinfo
 *(.debug_srcinfo)

.debug_sfnames
 *(.debug_sfnames)

.debug_aranges  0x0000000000000000      0x558
 *(.debug_aranges)
 .debug_aranges
                0x0000000000000000       0x28 ../hello_world_bsp//obj/HAL/src/crt0.o
 .debug_aranges
                0x0000000000000028       0x20 obj/default/hello_world.o
 .debug_aranges
                0x0000000000000048       0x28 c:/program_files/intelfpga_lite/18.1/nios2eds/bin/gnu/h-x86_64-mingw32/bin/../lib/gcc/nios2-elf/5.3.0/../../../../../H-x86_64-mingw32/nios2-elf/lib/mno-hw-mul\libsmallc.a(lib_a-puts.o)
 .debug_aranges
                0x0000000000000070       0x20 c:/program_files/intelfpga_lite/18.1/nios2eds/bin/gnu/h-x86_64-mingw32/bin/../lib/gcc/nios2-elf/5.3.0/../../../../../H-x86_64-mingw32/nios2-elf/lib/mno-hw-mul\libsmallc.a(lib_a-strlen.o)
 .debug_aranges
                0x0000000000000090       0x20 c:/program_files/intelfpga_lite/18.1/nios2eds/bin/gnu/h-x86_64-mingw32/bin/../lib/gcc/nios2-elf/5.3.0/../../../../../H-x86_64-mingw32/nios2-elf/lib/mno-hw-mul\libsmallc.a(lib_a-fvwrite_small_dev.o)
 .debug_aranges
                0x00000000000000b0       0x18 c:/program_files/intelfpga_lite/18.1/nios2eds/bin/gnu/h-x86_64-mingw32/bin/../lib/gcc/nios2-elf/5.3.0/../../../../../H-x86_64-mingw32/nios2-elf/lib/mno-hw-mul\libsmallc.a(lib_a-impure.o)
 .debug_aranges
                0x00000000000000c8       0x20 c:/program_files/intelfpga_lite/18.1/nios2eds/bin/gnu/h-x86_64-mingw32/bin/../lib/gcc/nios2-elf/5.3.0/../../../../../H-x86_64-mingw32/nios2-elf/lib/mno-hw-mul\libsmallc.a(lib_a-writer.o)
 .debug_aranges
                0x00000000000000e8       0x18 c:/program_files/intelfpga_lite/18.1/nios2eds/bin/gnu/h-x86_64-mingw32/bin/../lib/gcc/nios2-elf/5.3.0/../../../../../H-x86_64-mingw32/nios2-elf/lib/mno-hw-mul\libsmallc.a(lib_a-int_errno.o)
 .debug_aranges
                0x0000000000000100       0x20 ../hello_world_bsp/\libhal_bsp.a(alt_load.o)
 .debug_aranges
                0x0000000000000120       0x20 ../hello_world_bsp/\libhal_bsp.a(alt_main.o)
 .debug_aranges
                0x0000000000000140       0x20 ../hello_world_bsp/\libhal_bsp.a(alt_write.o)
 .debug_aranges
                0x0000000000000160       0x20 ../hello_world_bsp/\libhal_bsp.a(alt_sys_init.o)
 .debug_aranges
                0x0000000000000180       0x20 ../hello_world_bsp/\libhal_bsp.a(altera_avalon_jtag_uart_fd.o)
 .debug_aranges
                0x00000000000001a0       0x20 ../hello_world_bsp/\libhal_bsp.a(altera_avalon_jtag_uart_read.o)
 .debug_aranges
                0x00000000000001c0       0x20 ../hello_world_bsp/\libhal_bsp.a(altera_avalon_jtag_uart_write.o)
 .debug_aranges
                0x00000000000001e0       0x20 ../hello_world_bsp/\libhal_bsp.a(altera_avalon_timer_sc.o)
 .debug_aranges
                0x0000000000000200       0x20 ../hello_world_bsp/\libhal_bsp.a(alt_close.o)
 .debug_aranges
                0x0000000000000220       0x20 ../hello_world_bsp/\libhal_bsp.a(alt_dcache_flush_all.o)
 .debug_aranges
                0x0000000000000240       0x20 ../hello_world_bsp/\libhal_bsp.a(alt_dev.o)
 .debug_aranges
                0x0000000000000260       0x20 ../hello_world_bsp/\libhal_bsp.a(alt_dev_llist_insert.o)
 .debug_aranges
                0x0000000000000280       0x18 ../hello_world_bsp/\libhal_bsp.a(alt_errno.o)
 .debug_aranges
                0x0000000000000298       0x20 ../hello_world_bsp/\libhal_bsp.a(alt_icache_flush_all.o)
 .debug_aranges
                0x00000000000002b8       0x20 ../hello_world_bsp/\libhal_bsp.a(alt_iic.o)
 .debug_aranges
                0x00000000000002d8       0x20 ../hello_world_bsp/\libhal_bsp.a(alt_iic_isr_register.o)
 .debug_aranges
                0x00000000000002f8       0x20 ../hello_world_bsp/\libhal_bsp.a(alt_io_redirect.o)
 .debug_aranges
                0x0000000000000318       0x30 ../hello_world_bsp/\libhal_bsp.a(alt_irq_entry.o)
 .debug_aranges
                0x0000000000000348       0x20 ../hello_world_bsp/\libhal_bsp.a(alt_irq_handler.o)
 .debug_aranges
                0x0000000000000368       0x18 ../hello_world_bsp/\libhal_bsp.a(alt_irq_vars.o)
 .debug_aranges
                0x0000000000000380       0x20 ../hello_world_bsp/\libhal_bsp.a(alt_open.o)
 .debug_aranges
                0x00000000000003a0       0x20 ../hello_world_bsp/\libhal_bsp.a(alt_release_fd.o)
 .debug_aranges
                0x00000000000003c0       0x20 ../hello_world_bsp/\libhal_bsp.a(alt_tick.o)
 .debug_aranges
                0x00000000000003e0       0x20 ../hello_world_bsp/\libhal_bsp.a(altera_nios2_qsys_irq.o)
 .debug_aranges
                0x0000000000000400       0x38 ../hello_world_bsp/\libhal_bsp.a(alt_exception_entry.o)
 .debug_aranges
                0x0000000000000438       0x20 ../hello_world_bsp/\libhal_bsp.a(alt_find_dev.o)
 .debug_aranges
                0x0000000000000458       0x20 ../hello_world_bsp/\libhal_bsp.a(alt_find_file.o)
 .debug_aranges
                0x0000000000000478       0x20 ../hello_world_bsp/\libhal_bsp.a(alt_get_fd.o)
 .debug_aranges
                0x0000000000000498       0x20 ../hello_world_bsp/\libhal_bsp.a(alt_icache_flush.o)
 .debug_aranges
                0x00000000000004b8       0x20 c:/program_files/intelfpga_lite/18.1/nios2eds/bin/gnu/h-x86_64-mingw32/bin/../lib/gcc/nios2-elf/5.3.0/../../../../../H-x86_64-mingw32/nios2-elf/lib/mno-hw-mul\libsmallc.a(lib_a-exit.o)
 .debug_aranges
                0x00000000000004d8       0x20 c:/program_files/intelfpga_lite/18.1/nios2eds/bin/gnu/h-x86_64-mingw32/bin/../lib/gcc/nios2-elf/5.3.0/../../../../../H-x86_64-mingw32/nios2-elf/lib/mno-hw-mul\libsmallc.a(lib_a-memcmp.o)
 .debug_aranges
                0x00000000000004f8       0x20 c:/program_files/intelfpga_lite/18.1/nios2eds/bin/gnu/h-x86_64-mingw32/bin/../lib/gcc/nios2-elf/5.3.0/../../../../../H-x86_64-mingw32/nios2-elf/lib/mno-hw-mul\libsmallc.a(lib_a-__call_atexit.o)
 .debug_aranges
                0x0000000000000518       0x20 c:/program_files/intelfpga_lite/18.1/nios2eds/bin/gnu/h-x86_64-mingw32/bin/../lib/gcc/nios2-elf/5.3.0/mno-hw-mul\libgcc.a(lib2-mul.o)
 .debug_aranges
                0x0000000000000538       0x20 ../hello_world_bsp/\libhal_bsp.a(alt_exit.o)

.debug_pubnames
 *(.debug_pubnames)

.debug_info     0x0000000000000000     0x64f5
 *(.debug_info .gnu.linkonce.wi.*)
 .debug_info    0x0000000000000000       0xa9 ../hello_world_bsp//obj/HAL/src/crt0.o
 .debug_info    0x00000000000000a9       0x96 obj/default/hello_world.o
 .debug_info    0x000000000000013f      0x66d c:/program_files/intelfpga_lite/18.1/nios2eds/bin/gnu/h-x86_64-mingw32/bin/../lib/gcc/nios2-elf/5.3.0/../../../../../H-x86_64-mingw32/nios2-elf/lib/mno-hw-mul\libsmallc.a(lib_a-puts.o)
 .debug_info    0x00000000000007ac       0xc9 c:/program_files/intelfpga_lite/18.1/nios2eds/bin/gnu/h-x86_64-mingw32/bin/../lib/gcc/nios2-elf/5.3.0/../../../../../H-x86_64-mingw32/nios2-elf/lib/mno-hw-mul\libsmallc.a(lib_a-strlen.o)
 .debug_info    0x0000000000000875      0x62b c:/program_files/intelfpga_lite/18.1/nios2eds/bin/gnu/h-x86_64-mingw32/bin/../lib/gcc/nios2-elf/5.3.0/../../../../../H-x86_64-mingw32/nios2-elf/lib/mno-hw-mul\libsmallc.a(lib_a-fvwrite_small_dev.o)
 .debug_info    0x0000000000000ea0      0x5a9 c:/program_files/intelfpga_lite/18.1/nios2eds/bin/gnu/h-x86_64-mingw32/bin/../lib/gcc/nios2-elf/5.3.0/../../../../../H-x86_64-mingw32/nios2-elf/lib/mno-hw-mul\libsmallc.a(lib_a-impure.o)
 .debug_info    0x0000000000001449      0x630 c:/program_files/intelfpga_lite/18.1/nios2eds/bin/gnu/h-x86_64-mingw32/bin/../lib/gcc/nios2-elf/5.3.0/../../../../../H-x86_64-mingw32/nios2-elf/lib/mno-hw-mul\libsmallc.a(lib_a-writer.o)
 .debug_info    0x0000000000001a79       0x8a c:/program_files/intelfpga_lite/18.1/nios2eds/bin/gnu/h-x86_64-mingw32/bin/../lib/gcc/nios2-elf/5.3.0/../../../../../H-x86_64-mingw32/nios2-elf/lib/mno-hw-mul\libsmallc.a(lib_a-int_errno.o)
 .debug_info    0x0000000000001b03      0x145 ../hello_world_bsp/\libhal_bsp.a(alt_load.o)
 .debug_info    0x0000000000001c48      0x131 ../hello_world_bsp/\libhal_bsp.a(alt_main.o)
 .debug_info    0x0000000000001d79      0x4b7 ../hello_world_bsp/\libhal_bsp.a(alt_write.o)
 .debug_info    0x0000000000002230      0x3df ../hello_world_bsp/\libhal_bsp.a(alt_sys_init.o)
 .debug_info    0x000000000000260f      0x3a7 ../hello_world_bsp/\libhal_bsp.a(altera_avalon_jtag_uart_fd.o)
 .debug_info    0x00000000000029b6      0x1b2 ../hello_world_bsp/\libhal_bsp.a(altera_avalon_jtag_uart_read.o)
 .debug_info    0x0000000000002b68      0x195 ../hello_world_bsp/\libhal_bsp.a(altera_avalon_jtag_uart_write.o)
 .debug_info    0x0000000000002cfd      0x226 ../hello_world_bsp/\libhal_bsp.a(altera_avalon_timer_sc.o)
 .debug_info    0x0000000000002f23      0x321 ../hello_world_bsp/\libhal_bsp.a(alt_close.o)
 .debug_info    0x0000000000003244       0x92 ../hello_world_bsp/\libhal_bsp.a(alt_dcache_flush_all.o)
 .debug_info    0x00000000000032d6      0x49c ../hello_world_bsp/\libhal_bsp.a(alt_dev.o)
 .debug_info    0x0000000000003772      0x1a9 ../hello_world_bsp/\libhal_bsp.a(alt_dev_llist_insert.o)
 .debug_info    0x000000000000391b       0xa6 ../hello_world_bsp/\libhal_bsp.a(alt_errno.o)
 .debug_info    0x00000000000039c1       0x92 ../hello_world_bsp/\libhal_bsp.a(alt_icache_flush_all.o)
 .debug_info    0x0000000000003a53      0x350 ../hello_world_bsp/\libhal_bsp.a(alt_iic.o)
 .debug_info    0x0000000000003da3      0x1ef ../hello_world_bsp/\libhal_bsp.a(alt_iic_isr_register.o)
 .debug_info    0x0000000000003f92      0x4a5 ../hello_world_bsp/\libhal_bsp.a(alt_io_redirect.o)
 .debug_info    0x0000000000004437       0xb2 ../hello_world_bsp/\libhal_bsp.a(alt_irq_entry.o)
 .debug_info    0x00000000000044e9      0x187 ../hello_world_bsp/\libhal_bsp.a(alt_irq_handler.o)
 .debug_info    0x0000000000004670       0x88 ../hello_world_bsp/\libhal_bsp.a(alt_irq_vars.o)
 .debug_info    0x00000000000046f8      0x3bb ../hello_world_bsp/\libhal_bsp.a(alt_open.o)
 .debug_info    0x0000000000004ab3      0x2b0 ../hello_world_bsp/\libhal_bsp.a(alt_release_fd.o)
 .debug_info    0x0000000000004d63      0x299 ../hello_world_bsp/\libhal_bsp.a(alt_tick.o)
 .debug_info    0x0000000000004ffc       0x92 ../hello_world_bsp/\libhal_bsp.a(altera_nios2_qsys_irq.o)
 .debug_info    0x000000000000508e       0xb8 ../hello_world_bsp/\libhal_bsp.a(alt_exception_entry.o)
 .debug_info    0x0000000000005146      0x2e9 ../hello_world_bsp/\libhal_bsp.a(alt_find_dev.o)
 .debug_info    0x000000000000542f      0x2e6 ../hello_world_bsp/\libhal_bsp.a(alt_find_file.o)
 .debug_info    0x0000000000005715      0x310 ../hello_world_bsp/\libhal_bsp.a(alt_get_fd.o)
 .debug_info    0x0000000000005a25       0xdc ../hello_world_bsp/\libhal_bsp.a(alt_icache_flush.o)
 .debug_info    0x0000000000005b01       0xe5 c:/program_files/intelfpga_lite/18.1/nios2eds/bin/gnu/h-x86_64-mingw32/bin/../lib/gcc/nios2-elf/5.3.0/../../../../../H-x86_64-mingw32/nios2-elf/lib/mno-hw-mul\libsmallc.a(lib_a-exit.o)
 .debug_info    0x0000000000005be6       0xf4 c:/program_files/intelfpga_lite/18.1/nios2eds/bin/gnu/h-x86_64-mingw32/bin/../lib/gcc/nios2-elf/5.3.0/../../../../../H-x86_64-mingw32/nios2-elf/lib/mno-hw-mul\libsmallc.a(lib_a-memcmp.o)
 .debug_info    0x0000000000005cda      0x67b c:/program_files/intelfpga_lite/18.1/nios2eds/bin/gnu/h-x86_64-mingw32/bin/../lib/gcc/nios2-elf/5.3.0/../../../../../H-x86_64-mingw32/nios2-elf/lib/mno-hw-mul\libsmallc.a(lib_a-__call_atexit.o)
 .debug_info    0x0000000000006355       0xb4 c:/program_files/intelfpga_lite/18.1/nios2eds/bin/gnu/h-x86_64-mingw32/bin/../lib/gcc/nios2-elf/5.3.0/mno-hw-mul\libgcc.a(lib2-mul.o)
 .debug_info    0x0000000000006409       0xec ../hello_world_bsp/\libhal_bsp.a(alt_exit.o)

.debug_abbrev   0x0000000000000000     0x2408
 *(.debug_abbrev)
 .debug_abbrev  0x0000000000000000       0x12 ../hello_world_bsp//obj/HAL/src/crt0.o
 .debug_abbrev  0x0000000000000012       0x42 obj/default/hello_world.o
 .debug_abbrev  0x0000000000000054      0x1d6 c:/program_files/intelfpga_lite/18.1/nios2eds/bin/gnu/h-x86_64-mingw32/bin/../lib/gcc/nios2-elf/5.3.0/../../../../../H-x86_64-mingw32/nios2-elf/lib/mno-hw-mul\libsmallc.a(lib_a-puts.o)
 .debug_abbrev  0x000000000000022a       0x7f c:/program_files/intelfpga_lite/18.1/nios2eds/bin/gnu/h-x86_64-mingw32/bin/../lib/gcc/nios2-elf/5.3.0/../../../../../H-x86_64-mingw32/nios2-elf/lib/mno-hw-mul\libsmallc.a(lib_a-strlen.o)
 .debug_abbrev  0x00000000000002a9      0x1bc c:/program_files/intelfpga_lite/18.1/nios2eds/bin/gnu/h-x86_64-mingw32/bin/../lib/gcc/nios2-elf/5.3.0/../../../../../H-x86_64-mingw32/nios2-elf/lib/mno-hw-mul\libsmallc.a(lib_a-fvwrite_small_dev.o)
 .debug_abbrev  0x0000000000000465      0x14a c:/program_files/intelfpga_lite/18.1/nios2eds/bin/gnu/h-x86_64-mingw32/bin/../lib/gcc/nios2-elf/5.3.0/../../../../../H-x86_64-mingw32/nios2-elf/lib/mno-hw-mul\libsmallc.a(lib_a-impure.o)
 .debug_abbrev  0x00000000000005af      0x1a6 c:/program_files/intelfpga_lite/18.1/nios2eds/bin/gnu/h-x86_64-mingw32/bin/../lib/gcc/nios2-elf/5.3.0/../../../../../H-x86_64-mingw32/nios2-elf/lib/mno-hw-mul\libsmallc.a(lib_a-writer.o)
 .debug_abbrev  0x0000000000000755       0x37 c:/program_files/intelfpga_lite/18.1/nios2eds/bin/gnu/h-x86_64-mingw32/bin/../lib/gcc/nios2-elf/5.3.0/../../../../../H-x86_64-mingw32/nios2-elf/lib/mno-hw-mul\libsmallc.a(lib_a-int_errno.o)
 .debug_abbrev  0x000000000000078c       0x9f ../hello_world_bsp/\libhal_bsp.a(alt_load.o)
 .debug_abbrev  0x000000000000082b       0xba ../hello_world_bsp/\libhal_bsp.a(alt_main.o)
 .debug_abbrev  0x00000000000008e5      0x133 ../hello_world_bsp/\libhal_bsp.a(alt_write.o)
 .debug_abbrev  0x0000000000000a18      0x157 ../hello_world_bsp/\libhal_bsp.a(alt_sys_init.o)
 .debug_abbrev  0x0000000000000b6f       0xf7 ../hello_world_bsp/\libhal_bsp.a(altera_avalon_jtag_uart_fd.o)
 .debug_abbrev  0x0000000000000c66       0xd5 ../hello_world_bsp/\libhal_bsp.a(altera_avalon_jtag_uart_read.o)
 .debug_abbrev  0x0000000000000d3b       0xd5 ../hello_world_bsp/\libhal_bsp.a(altera_avalon_jtag_uart_write.o)
 .debug_abbrev  0x0000000000000e10      0x155 ../hello_world_bsp/\libhal_bsp.a(altera_avalon_timer_sc.o)
 .debug_abbrev  0x0000000000000f65      0x11f ../hello_world_bsp/\libhal_bsp.a(alt_close.o)
 .debug_abbrev  0x0000000000001084       0x42 ../hello_world_bsp/\libhal_bsp.a(alt_dcache_flush_all.o)
 .debug_abbrev  0x00000000000010c6       0xd9 ../hello_world_bsp/\libhal_bsp.a(alt_dev.o)
 .debug_abbrev  0x000000000000119f      0x114 ../hello_world_bsp/\libhal_bsp.a(alt_dev_llist_insert.o)
 .debug_abbrev  0x00000000000012b3       0x5a ../hello_world_bsp/\libhal_bsp.a(alt_errno.o)
 .debug_abbrev  0x000000000000130d       0x42 ../hello_world_bsp/\libhal_bsp.a(alt_icache_flush_all.o)
 .debug_abbrev  0x000000000000134f      0x163 ../hello_world_bsp/\libhal_bsp.a(alt_iic.o)
 .debug_abbrev  0x00000000000014b2      0x169 ../hello_world_bsp/\libhal_bsp.a(alt_iic_isr_register.o)
 .debug_abbrev  0x000000000000161b      0x114 ../hello_world_bsp/\libhal_bsp.a(alt_io_redirect.o)
 .debug_abbrev  0x000000000000172f       0x12 ../hello_world_bsp/\libhal_bsp.a(alt_irq_entry.o)
 .debug_abbrev  0x0000000000001741      0x122 ../hello_world_bsp/\libhal_bsp.a(alt_irq_handler.o)
 .debug_abbrev  0x0000000000001863       0x40 ../hello_world_bsp/\libhal_bsp.a(alt_irq_vars.o)
 .debug_abbrev  0x00000000000018a3      0x148 ../hello_world_bsp/\libhal_bsp.a(alt_open.o)
 .debug_abbrev  0x00000000000019eb       0xde ../hello_world_bsp/\libhal_bsp.a(alt_release_fd.o)
 .debug_abbrev  0x0000000000001ac9      0x15a ../hello_world_bsp/\libhal_bsp.a(alt_tick.o)
 .debug_abbrev  0x0000000000001c23       0x42 ../hello_world_bsp/\libhal_bsp.a(altera_nios2_qsys_irq.o)
 .debug_abbrev  0x0000000000001c65       0x12 ../hello_world_bsp/\libhal_bsp.a(alt_exception_entry.o)
 .debug_abbrev  0x0000000000001c77       0xf0 ../hello_world_bsp/\libhal_bsp.a(alt_find_dev.o)
 .debug_abbrev  0x0000000000001d67       0xf0 ../hello_world_bsp/\libhal_bsp.a(alt_find_file.o)
 .debug_abbrev  0x0000000000001e57      0x10d ../hello_world_bsp/\libhal_bsp.a(alt_get_fd.o)
 .debug_abbrev  0x0000000000001f64       0x8c ../hello_world_bsp/\libhal_bsp.a(alt_icache_flush.o)
 .debug_abbrev  0x0000000000001ff0       0x8b c:/program_files/intelfpga_lite/18.1/nios2eds/bin/gnu/h-x86_64-mingw32/bin/../lib/gcc/nios2-elf/5.3.0/../../../../../H-x86_64-mingw32/nios2-elf/lib/mno-hw-mul\libsmallc.a(lib_a-exit.o)
 .debug_abbrev  0x000000000000207b       0x7f c:/program_files/intelfpga_lite/18.1/nios2eds/bin/gnu/h-x86_64-mingw32/bin/../lib/gcc/nios2-elf/5.3.0/../../../../../H-x86_64-mingw32/nios2-elf/lib/mno-hw-mul\libsmallc.a(lib_a-memcmp.o)
 .debug_abbrev  0x00000000000020fa      0x1f6 c:/program_files/intelfpga_lite/18.1/nios2eds/bin/gnu/h-x86_64-mingw32/bin/../lib/gcc/nios2-elf/5.3.0/../../../../../H-x86_64-mingw32/nios2-elf/lib/mno-hw-mul\libsmallc.a(lib_a-__call_atexit.o)
 .debug_abbrev  0x00000000000022f0       0x6f c:/program_files/intelfpga_lite/18.1/nios2eds/bin/gnu/h-x86_64-mingw32/bin/../lib/gcc/nios2-elf/5.3.0/mno-hw-mul\libgcc.a(lib2-mul.o)
 .debug_abbrev  0x000000000000235f       0xa9 ../hello_world_bsp/\libhal_bsp.a(alt_exit.o)

.debug_line     0x0000000000000000     0x273d
 *(.debug_line)
 .debug_line    0x0000000000000000       0x6c ../hello_world_bsp//obj/HAL/src/crt0.o
 .debug_line    0x000000000000006c       0x40 obj/default/hello_world.o
 .debug_line    0x00000000000000ac      0x206 c:/program_files/intelfpga_lite/18.1/nios2eds/bin/gnu/h-x86_64-mingw32/bin/../lib/gcc/nios2-elf/5.3.0/../../../../../H-x86_64-mingw32/nios2-elf/lib/mno-hw-mul\libsmallc.a(lib_a-puts.o)
 .debug_line    0x00000000000002b2      0x15c c:/program_files/intelfpga_lite/18.1/nios2eds/bin/gnu/h-x86_64-mingw32/bin/../lib/gcc/nios2-elf/5.3.0/../../../../../H-x86_64-mingw32/nios2-elf/lib/mno-hw-mul\libsmallc.a(lib_a-strlen.o)
 .debug_line    0x000000000000040e      0x1f0 c:/program_files/intelfpga_lite/18.1/nios2eds/bin/gnu/h-x86_64-mingw32/bin/../lib/gcc/nios2-elf/5.3.0/../../../../../H-x86_64-mingw32/nios2-elf/lib/mno-hw-mul\libsmallc.a(lib_a-fvwrite_small_dev.o)
 .debug_line    0x00000000000005fe      0x156 c:/program_files/intelfpga_lite/18.1/nios2eds/bin/gnu/h-x86_64-mingw32/bin/../lib/gcc/nios2-elf/5.3.0/../../../../../H-x86_64-mingw32/nios2-elf/lib/mno-hw-mul\libsmallc.a(lib_a-impure.o)
 .debug_line    0x0000000000000754      0x1ed c:/program_files/intelfpga_lite/18.1/nios2eds/bin/gnu/h-x86_64-mingw32/bin/../lib/gcc/nios2-elf/5.3.0/../../../../../H-x86_64-mingw32/nios2-elf/lib/mno-hw-mul\libsmallc.a(lib_a-writer.o)
 .debug_line    0x0000000000000941       0x5f c:/program_files/intelfpga_lite/18.1/nios2eds/bin/gnu/h-x86_64-mingw32/bin/../lib/gcc/nios2-elf/5.3.0/../../../../../H-x86_64-mingw32/nios2-elf/lib/mno-hw-mul\libsmallc.a(lib_a-int_errno.o)
 .debug_line    0x00000000000009a0       0x8e ../hello_world_bsp/\libhal_bsp.a(alt_load.o)
 .debug_line    0x0000000000000a2e       0x9e ../hello_world_bsp/\libhal_bsp.a(alt_main.o)
 .debug_line    0x0000000000000acc      0x1f7 ../hello_world_bsp/\libhal_bsp.a(alt_write.o)
 .debug_line    0x0000000000000cc3      0x142 ../hello_world_bsp/\libhal_bsp.a(alt_sys_init.o)
 .debug_line    0x0000000000000e05      0x112 ../hello_world_bsp/\libhal_bsp.a(altera_avalon_jtag_uart_fd.o)
 .debug_line    0x0000000000000f17       0xfd ../hello_world_bsp/\libhal_bsp.a(altera_avalon_jtag_uart_read.o)
 .debug_line    0x0000000000001014       0xf4 ../hello_world_bsp/\libhal_bsp.a(altera_avalon_jtag_uart_write.o)
 .debug_line    0x0000000000001108       0xfd ../hello_world_bsp/\libhal_bsp.a(altera_avalon_timer_sc.o)
 .debug_line    0x0000000000001205      0x173 ../hello_world_bsp/\libhal_bsp.a(alt_close.o)
 .debug_line    0x0000000000001378       0x51 ../hello_world_bsp/\libhal_bsp.a(alt_dcache_flush_all.o)
 .debug_line    0x00000000000013c9      0x106 ../hello_world_bsp/\libhal_bsp.a(alt_dev.o)
 .debug_line    0x00000000000014cf       0xcf ../hello_world_bsp/\libhal_bsp.a(alt_dev_llist_insert.o)
 .debug_line    0x000000000000159e       0x51 ../hello_world_bsp/\libhal_bsp.a(alt_errno.o)
 .debug_line    0x00000000000015ef       0x50 ../hello_world_bsp/\libhal_bsp.a(alt_icache_flush_all.o)
 .debug_line    0x000000000000163f       0xeb ../hello_world_bsp/\libhal_bsp.a(alt_iic.o)
 .debug_line    0x000000000000172a       0xdb ../hello_world_bsp/\libhal_bsp.a(alt_iic_isr_register.o)
 .debug_line    0x0000000000001805      0x143 ../hello_world_bsp/\libhal_bsp.a(alt_io_redirect.o)
 .debug_line    0x0000000000001948       0x6b ../hello_world_bsp/\libhal_bsp.a(alt_irq_entry.o)
 .debug_line    0x00000000000019b3       0xaa ../hello_world_bsp/\libhal_bsp.a(alt_irq_handler.o)
 .debug_line    0x0000000000001a5d       0x50 ../hello_world_bsp/\libhal_bsp.a(alt_irq_vars.o)
 .debug_line    0x0000000000001aad      0x12b ../hello_world_bsp/\libhal_bsp.a(alt_open.o)
 .debug_line    0x0000000000001bd8       0xb0 ../hello_world_bsp/\libhal_bsp.a(alt_release_fd.o)
 .debug_line    0x0000000000001c88       0xff ../hello_world_bsp/\libhal_bsp.a(alt_tick.o)
 .debug_line    0x0000000000001d87       0x51 ../hello_world_bsp/\libhal_bsp.a(altera_nios2_qsys_irq.o)
 .debug_line    0x0000000000001dd8       0xab ../hello_world_bsp/\libhal_bsp.a(alt_exception_entry.o)
 .debug_line    0x0000000000001e83       0xb5 ../hello_world_bsp/\libhal_bsp.a(alt_find_dev.o)
 .debug_line    0x0000000000001f38       0xd1 ../hello_world_bsp/\libhal_bsp.a(alt_find_file.o)
 .debug_line    0x0000000000002009       0xd7 ../hello_world_bsp/\libhal_bsp.a(alt_get_fd.o)
 .debug_line    0x00000000000020e0       0x81 ../hello_world_bsp/\libhal_bsp.a(alt_icache_flush.o)
 .debug_line    0x0000000000002161      0x159 c:/program_files/intelfpga_lite/18.1/nios2eds/bin/gnu/h-x86_64-mingw32/bin/../lib/gcc/nios2-elf/5.3.0/../../../../../H-x86_64-mingw32/nios2-elf/lib/mno-hw-mul\libsmallc.a(lib_a-exit.o)
 .debug_line    0x00000000000022ba      0x160 c:/program_files/intelfpga_lite/18.1/nios2eds/bin/gnu/h-x86_64-mingw32/bin/../lib/gcc/nios2-elf/5.3.0/../../../../../H-x86_64-mingw32/nios2-elf/lib/mno-hw-mul\libsmallc.a(lib_a-memcmp.o)
 .debug_line    0x000000000000241a      0x232 c:/program_files/intelfpga_lite/18.1/nios2eds/bin/gnu/h-x86_64-mingw32/bin/../lib/gcc/nios2-elf/5.3.0/../../../../../H-x86_64-mingw32/nios2-elf/lib/mno-hw-mul\libsmallc.a(lib_a-__call_atexit.o)
 .debug_line    0x000000000000264c       0x80 c:/program_files/intelfpga_lite/18.1/nios2eds/bin/gnu/h-x86_64-mingw32/bin/../lib/gcc/nios2-elf/5.3.0/mno-hw-mul\libgcc.a(lib2-mul.o)
 .debug_line    0x00000000000026cc       0x71 ../hello_world_bsp/\libhal_bsp.a(alt_exit.o)

.debug_frame    0x0000000000000000      0x9c0
 *(.debug_frame)
 .debug_frame   0x0000000000000000       0x38 obj/default/hello_world.o
 .debug_frame   0x0000000000000038       0x48 c:/program_files/intelfpga_lite/18.1/nios2eds/bin/gnu/h-x86_64-mingw32/bin/../lib/gcc/nios2-elf/5.3.0/../../../../../H-x86_64-mingw32/nios2-elf/lib/mno-hw-mul\libsmallc.a(lib_a-puts.o)
 .debug_frame   0x0000000000000080       0x20 c:/program_files/intelfpga_lite/18.1/nios2eds/bin/gnu/h-x86_64-mingw32/bin/../lib/gcc/nios2-elf/5.3.0/../../../../../H-x86_64-mingw32/nios2-elf/lib/mno-hw-mul\libsmallc.a(lib_a-strlen.o)
 .debug_frame   0x00000000000000a0       0x58 c:/program_files/intelfpga_lite/18.1/nios2eds/bin/gnu/h-x86_64-mingw32/bin/../lib/gcc/nios2-elf/5.3.0/../../../../../H-x86_64-mingw32/nios2-elf/lib/mno-hw-mul\libsmallc.a(lib_a-fvwrite_small_dev.o)
 .debug_frame   0x00000000000000f8       0x38 c:/program_files/intelfpga_lite/18.1/nios2eds/bin/gnu/h-x86_64-mingw32/bin/../lib/gcc/nios2-elf/5.3.0/../../../../../H-x86_64-mingw32/nios2-elf/lib/mno-hw-mul\libsmallc.a(lib_a-writer.o)
 .debug_frame   0x0000000000000130       0x5c ../hello_world_bsp/\libhal_bsp.a(alt_load.o)
 .debug_frame   0x000000000000018c       0x2c ../hello_world_bsp/\libhal_bsp.a(alt_main.o)
 .debug_frame   0x00000000000001b8       0x60 ../hello_world_bsp/\libhal_bsp.a(alt_write.o)
 .debug_frame   0x0000000000000218       0x88 ../hello_world_bsp/\libhal_bsp.a(alt_sys_init.o)
 .debug_frame   0x00000000000002a0       0x60 ../hello_world_bsp/\libhal_bsp.a(altera_avalon_jtag_uart_fd.o)
 .debug_frame   0x0000000000000300       0x34 ../hello_world_bsp/\libhal_bsp.a(altera_avalon_jtag_uart_read.o)
 .debug_frame   0x0000000000000334       0x34 ../hello_world_bsp/\libhal_bsp.a(altera_avalon_jtag_uart_write.o)
 .debug_frame   0x0000000000000368       0x60 ../hello_world_bsp/\libhal_bsp.a(altera_avalon_timer_sc.o)
 .debug_frame   0x00000000000003c8       0x60 ../hello_world_bsp/\libhal_bsp.a(alt_close.o)
 .debug_frame   0x0000000000000428       0x34 ../hello_world_bsp/\libhal_bsp.a(alt_dcache_flush_all.o)
 .debug_frame   0x000000000000045c       0x34 ../hello_world_bsp/\libhal_bsp.a(alt_dev.o)
 .debug_frame   0x0000000000000490       0x60 ../hello_world_bsp/\libhal_bsp.a(alt_dev_llist_insert.o)
 .debug_frame   0x00000000000004f0       0x38 ../hello_world_bsp/\libhal_bsp.a(alt_icache_flush_all.o)
 .debug_frame   0x0000000000000528       0xa4 ../hello_world_bsp/\libhal_bsp.a(alt_iic.o)
 .debug_frame   0x00000000000005cc       0x38 ../hello_world_bsp/\libhal_bsp.a(alt_iic_isr_register.o)
 .debug_frame   0x0000000000000604       0x64 ../hello_world_bsp/\libhal_bsp.a(alt_io_redirect.o)
 .debug_frame   0x0000000000000668       0x38 ../hello_world_bsp/\libhal_bsp.a(alt_irq_handler.o)
 .debug_frame   0x00000000000006a0       0x8c ../hello_world_bsp/\libhal_bsp.a(alt_open.o)
 .debug_frame   0x000000000000072c       0x3c ../hello_world_bsp/\libhal_bsp.a(alt_release_fd.o)
 .debug_frame   0x0000000000000768       0x5c ../hello_world_bsp/\libhal_bsp.a(alt_tick.o)
 .debug_frame   0x00000000000007c4       0x34 ../hello_world_bsp/\libhal_bsp.a(altera_nios2_qsys_irq.o)
 .debug_frame   0x00000000000007f8       0x38 ../hello_world_bsp/\libhal_bsp.a(alt_find_dev.o)
 .debug_frame   0x0000000000000830       0x38 ../hello_world_bsp/\libhal_bsp.a(alt_find_file.o)
 .debug_frame   0x0000000000000868       0x3c ../hello_world_bsp/\libhal_bsp.a(alt_get_fd.o)
 .debug_frame   0x00000000000008a4       0x34 ../hello_world_bsp/\libhal_bsp.a(alt_icache_flush.o)
 .debug_frame   0x00000000000008d8       0x28 c:/program_files/intelfpga_lite/18.1/nios2eds/bin/gnu/h-x86_64-mingw32/bin/../lib/gcc/nios2-elf/5.3.0/../../../../../H-x86_64-mingw32/nios2-elf/lib/mno-hw-mul\libsmallc.a(lib_a-exit.o)
 .debug_frame   0x0000000000000900       0x20 c:/program_files/intelfpga_lite/18.1/nios2eds/bin/gnu/h-x86_64-mingw32/bin/../lib/gcc/nios2-elf/5.3.0/../../../../../H-x86_64-mingw32/nios2-elf/lib/mno-hw-mul\libsmallc.a(lib_a-memcmp.o)
 .debug_frame   0x0000000000000920       0x54 c:/program_files/intelfpga_lite/18.1/nios2eds/bin/gnu/h-x86_64-mingw32/bin/../lib/gcc/nios2-elf/5.3.0/../../../../../H-x86_64-mingw32/nios2-elf/lib/mno-hw-mul\libsmallc.a(lib_a-__call_atexit.o)
 .debug_frame   0x0000000000000974       0x20 c:/program_files/intelfpga_lite/18.1/nios2eds/bin/gnu/h-x86_64-mingw32/bin/../lib/gcc/nios2-elf/5.3.0/mno-hw-mul\libgcc.a(lib2-mul.o)
 .debug_frame   0x0000000000000994       0x2c ../hello_world_bsp/\libhal_bsp.a(alt_exit.o)

.debug_str      0x0000000000000000     0x1596
 *(.debug_str)
 .debug_str     0x0000000000000000      0x12d obj/default/hello_world.o
                                        0x16b (size before relaxing)
 .debug_str     0x000000000000012d      0x3fb c:/program_files/intelfpga_lite/18.1/nios2eds/bin/gnu/h-x86_64-mingw32/bin/../lib/gcc/nios2-elf/5.3.0/../../../../../H-x86_64-mingw32/nios2-elf/lib/mno-hw-mul\libsmallc.a(lib_a-puts.o)
                                        0x4cd (size before relaxing)
 .debug_str     0x0000000000000528       0xd2 c:/program_files/intelfpga_lite/18.1/nios2eds/bin/gnu/h-x86_64-mingw32/bin/../lib/gcc/nios2-elf/5.3.0/../../../../../H-x86_64-mingw32/nios2-elf/lib/mno-hw-mul\libsmallc.a(lib_a-strlen.o)
                                        0x1e5 (size before relaxing)
 .debug_str     0x00000000000005fa       0x63 c:/program_files/intelfpga_lite/18.1/nios2eds/bin/gnu/h-x86_64-mingw32/bin/../lib/gcc/nios2-elf/5.3.0/../../../../../H-x86_64-mingw32/nios2-elf/lib/mno-hw-mul\libsmallc.a(lib_a-fvwrite_small_dev.o)
                                        0x4d4 (size before relaxing)
 .debug_str     0x000000000000065d       0xef c:/program_files/intelfpga_lite/18.1/nios2eds/bin/gnu/h-x86_64-mingw32/bin/../lib/gcc/nios2-elf/5.3.0/../../../../../H-x86_64-mingw32/nios2-elf/lib/mno-hw-mul\libsmallc.a(lib_a-impure.o)
                                        0x4be (size before relaxing)
 .debug_str     0x000000000000074c       0x45 c:/program_files/intelfpga_lite/18.1/nios2eds/bin/gnu/h-x86_64-mingw32/bin/../lib/gcc/nios2-elf/5.3.0/../../../../../H-x86_64-mingw32/nios2-elf/lib/mno-hw-mul\libsmallc.a(lib_a-writer.o)
                                        0x4b8 (size before relaxing)
 .debug_str     0x0000000000000791       0x3f c:/program_files/intelfpga_lite/18.1/nios2eds/bin/gnu/h-x86_64-mingw32/bin/../lib/gcc/nios2-elf/5.3.0/../../../../../H-x86_64-mingw32/nios2-elf/lib/mno-hw-mul\libsmallc.a(lib_a-int_errno.o)
                                        0x1d8 (size before relaxing)
 .debug_str     0x00000000000007d0      0x166 ../hello_world_bsp/\libhal_bsp.a(alt_load.o)
                                        0x24d (size before relaxing)
 .debug_str     0x0000000000000936       0x70 ../hello_world_bsp/\libhal_bsp.a(alt_main.o)
                                        0x1d8 (size before relaxing)
 .debug_str     0x00000000000009a6      0x166 ../hello_world_bsp/\libhal_bsp.a(alt_write.o)
                                        0x333 (size before relaxing)
 .debug_str     0x0000000000000b0c      0x136 ../hello_world_bsp/\libhal_bsp.a(alt_sys_init.o)
                                        0x345 (size before relaxing)
 .debug_str     0x0000000000000c42       0x77 ../hello_world_bsp/\libhal_bsp.a(altera_avalon_jtag_uart_fd.o)
                                        0x310 (size before relaxing)
 .debug_str     0x0000000000000cb9       0x48 ../hello_world_bsp/\libhal_bsp.a(altera_avalon_jtag_uart_read.o)
                                        0x25a (size before relaxing)
 .debug_str     0x0000000000000d01       0x4a ../hello_world_bsp/\libhal_bsp.a(altera_avalon_jtag_uart_write.o)
                                        0x250 (size before relaxing)
 .debug_str     0x0000000000000d4b       0xb6 ../hello_world_bsp/\libhal_bsp.a(altera_avalon_timer_sc.o)
                                        0x286 (size before relaxing)
 .debug_str     0x0000000000000e01       0x1b ../hello_world_bsp/\libhal_bsp.a(alt_close.o)
                                        0x246 (size before relaxing)
 .debug_str     0x0000000000000e1c       0x34 ../hello_world_bsp/\libhal_bsp.a(alt_dcache_flush_all.o)
                                        0x190 (size before relaxing)
 .debug_str     0x0000000000000e50       0x50 ../hello_world_bsp/\libhal_bsp.a(alt_dev.o)
                                        0x340 (size before relaxing)
 .debug_str     0x0000000000000ea0       0x4b ../hello_world_bsp/\libhal_bsp.a(alt_dev_llist_insert.o)
                                        0x207 (size before relaxing)
 .debug_str     0x0000000000000eeb       0x14 ../hello_world_bsp/\libhal_bsp.a(alt_errno.o)
                                        0x180 (size before relaxing)
 .debug_str     0x0000000000000eff       0x34 ../hello_world_bsp/\libhal_bsp.a(alt_icache_flush_all.o)
                                        0x190 (size before relaxing)
 .debug_str     0x0000000000000f33       0xc4 ../hello_world_bsp/\libhal_bsp.a(alt_iic.o)
                                        0x279 (size before relaxing)
 .debug_str     0x0000000000000ff7       0x4c ../hello_world_bsp/\libhal_bsp.a(alt_iic_isr_register.o)
                                        0x223 (size before relaxing)
 .debug_str     0x0000000000001043       0x56 ../hello_world_bsp/\libhal_bsp.a(alt_io_redirect.o)
                                        0x351 (size before relaxing)
 .debug_str     0x0000000000001099       0x3a ../hello_world_bsp/\libhal_bsp.a(alt_irq_handler.o)
                                        0x1d2 (size before relaxing)
 .debug_str     0x00000000000010d3       0x17 ../hello_world_bsp/\libhal_bsp.a(alt_irq_vars.o)
                                        0x175 (size before relaxing)
 .debug_str     0x00000000000010ea       0x2f ../hello_world_bsp/\libhal_bsp.a(alt_open.o)
                                        0x286 (size before relaxing)
 .debug_str     0x0000000000001119       0x28 ../hello_world_bsp/\libhal_bsp.a(alt_release_fd.o)
                                        0x20e (size before relaxing)
 .debug_str     0x0000000000001141       0x78 ../hello_world_bsp/\libhal_bsp.a(alt_tick.o)
                                        0x28d (size before relaxing)
 .debug_str     0x00000000000011b9       0x3b ../hello_world_bsp/\libhal_bsp.a(altera_nios2_qsys_irq.o)
                                        0x197 (size before relaxing)
 .debug_str     0x00000000000011f4       0x24 ../hello_world_bsp/\libhal_bsp.a(alt_find_dev.o)
                                        0x227 (size before relaxing)
 .debug_str     0x0000000000001218       0x26 ../hello_world_bsp/\libhal_bsp.a(alt_find_file.o)
                                        0x235 (size before relaxing)
 .debug_str     0x000000000000123e       0x30 ../hello_world_bsp/\libhal_bsp.a(alt_get_fd.o)
                                        0x257 (size before relaxing)
 .debug_str     0x000000000000126e       0x2c ../hello_world_bsp/\libhal_bsp.a(alt_icache_flush.o)
                                        0x196 (size before relaxing)
 .debug_str     0x000000000000129a       0xe1 c:/program_files/intelfpga_lite/18.1/nios2eds/bin/gnu/h-x86_64-mingw32/bin/../lib/gcc/nios2-elf/5.3.0/../../../../../H-x86_64-mingw32/nios2-elf/lib/mno-hw-mul\libsmallc.a(lib_a-exit.o)
                                        0x1f0 (size before relaxing)
 .debug_str     0x000000000000137b       0x44 c:/program_files/intelfpga_lite/18.1/nios2eds/bin/gnu/h-x86_64-mingw32/bin/../lib/gcc/nios2-elf/5.3.0/../../../../../H-x86_64-mingw32/nios2-elf/lib/mno-hw-mul\libsmallc.a(lib_a-memcmp.o)
                                        0x1df (size before relaxing)
 .debug_str     0x00000000000013bf       0x65 c:/program_files/intelfpga_lite/18.1/nios2eds/bin/gnu/h-x86_64-mingw32/bin/../lib/gcc/nios2-elf/5.3.0/../../../../../H-x86_64-mingw32/nios2-elf/lib/mno-hw-mul\libsmallc.a(lib_a-__call_atexit.o)
                                        0x4eb (size before relaxing)
 .debug_str     0x0000000000001424      0x148 c:/program_files/intelfpga_lite/18.1/nios2eds/bin/gnu/h-x86_64-mingw32/bin/../lib/gcc/nios2-elf/5.3.0/mno-hw-mul\libgcc.a(lib2-mul.o)
                                        0x193 (size before relaxing)
 .debug_str     0x000000000000156c       0x2a ../hello_world_bsp/\libhal_bsp.a(alt_exit.o)
                                        0x18c (size before relaxing)

.debug_loc      0x0000000000000000      0x506
 *(.debug_loc)
 .debug_loc     0x0000000000000000       0x97 c:/program_files/intelfpga_lite/18.1/nios2eds/bin/gnu/h-x86_64-mingw32/bin/../lib/gcc/nios2-elf/5.3.0/../../../../../H-x86_64-mingw32/nios2-elf/lib/mno-hw-mul\libsmallc.a(lib_a-puts.o)
 .debug_loc     0x0000000000000097       0x1e c:/program_files/intelfpga_lite/18.1/nios2eds/bin/gnu/h-x86_64-mingw32/bin/../lib/gcc/nios2-elf/5.3.0/../../../../../H-x86_64-mingw32/nios2-elf/lib/mno-hw-mul\libsmallc.a(lib_a-strlen.o)
 .debug_loc     0x00000000000000b5      0x110 c:/program_files/intelfpga_lite/18.1/nios2eds/bin/gnu/h-x86_64-mingw32/bin/../lib/gcc/nios2-elf/5.3.0/../../../../../H-x86_64-mingw32/nios2-elf/lib/mno-hw-mul\libsmallc.a(lib_a-fvwrite_small_dev.o)
 .debug_loc     0x00000000000001c5       0xa5 c:/program_files/intelfpga_lite/18.1/nios2eds/bin/gnu/h-x86_64-mingw32/bin/../lib/gcc/nios2-elf/5.3.0/../../../../../H-x86_64-mingw32/nios2-elf/lib/mno-hw-mul\libsmallc.a(lib_a-writer.o)
 .debug_loc     0x000000000000026a       0x1e c:/program_files/intelfpga_lite/18.1/nios2eds/bin/gnu/h-x86_64-mingw32/bin/../lib/gcc/nios2-elf/5.3.0/../../../../../H-x86_64-mingw32/nios2-elf/lib/mno-hw-mul\libsmallc.a(lib_a-exit.o)
 .debug_loc     0x0000000000000288       0x94 c:/program_files/intelfpga_lite/18.1/nios2eds/bin/gnu/h-x86_64-mingw32/bin/../lib/gcc/nios2-elf/5.3.0/../../../../../H-x86_64-mingw32/nios2-elf/lib/mno-hw-mul\libsmallc.a(lib_a-memcmp.o)
 .debug_loc     0x000000000000031c      0x157 c:/program_files/intelfpga_lite/18.1/nios2eds/bin/gnu/h-x86_64-mingw32/bin/../lib/gcc/nios2-elf/5.3.0/../../../../../H-x86_64-mingw32/nios2-elf/lib/mno-hw-mul\libsmallc.a(lib_a-__call_atexit.o)
 .debug_loc     0x0000000000000473       0x93 c:/program_files/intelfpga_lite/18.1/nios2eds/bin/gnu/h-x86_64-mingw32/bin/../lib/gcc/nios2-elf/5.3.0/mno-hw-mul\libgcc.a(lib2-mul.o)

.debug_macinfo
 *(.debug_macinfo)

.debug_weaknames
 *(.debug_weaknames)

.debug_funcnames
 *(.debug_funcnames)

.debug_typenames
 *(.debug_typenames)

.debug_varnames
 *(.debug_varnames)

.debug_alt_sim_info
                0x0000000000000000       0x20
 *(.debug_alt_sim_info)
 .debug_alt_sim_info
                0x0000000000000000       0x20 ../hello_world_bsp//obj/HAL/src/crt0.o
                0x000000000000d000                __alt_data_end = 0xd000
                0x000000000000d000                PROVIDE (__alt_stack_pointer, __alt_data_end)
                [!provide]                        PROVIDE (__alt_stack_limit, __alt_stack_base)
                [!provide]                        PROVIDE (__alt_heap_start, end)
                [!provide]                        PROVIDE (__alt_heap_limit, 0xd000)
OUTPUT(hello_world.elf elf32-littlenios2)

.debug_ranges   0x0000000000000000      0x148
 .debug_ranges  0x0000000000000000       0x20 ../hello_world_bsp//obj/HAL/src/crt0.o
 .debug_ranges  0x0000000000000020       0x18 c:/program_files/intelfpga_lite/18.1/nios2eds/bin/gnu/h-x86_64-mingw32/bin/../lib/gcc/nios2-elf/5.3.0/../../../../../H-x86_64-mingw32/nios2-elf/lib/mno-hw-mul\libsmallc.a(lib_a-puts.o)
 .debug_ranges  0x0000000000000038       0x10 c:/program_files/intelfpga_lite/18.1/nios2eds/bin/gnu/h-x86_64-mingw32/bin/../lib/gcc/nios2-elf/5.3.0/../../../../../H-x86_64-mingw32/nios2-elf/lib/mno-hw-mul\libsmallc.a(lib_a-strlen.o)
 .debug_ranges  0x0000000000000048       0x28 c:/program_files/intelfpga_lite/18.1/nios2eds/bin/gnu/h-x86_64-mingw32/bin/../lib/gcc/nios2-elf/5.3.0/../../../../../H-x86_64-mingw32/nios2-elf/lib/mno-hw-mul\libsmallc.a(lib_a-fvwrite_small_dev.o)
 .debug_ranges  0x0000000000000070       0x10 c:/program_files/intelfpga_lite/18.1/nios2eds/bin/gnu/h-x86_64-mingw32/bin/../lib/gcc/nios2-elf/5.3.0/../../../../../H-x86_64-mingw32/nios2-elf/lib/mno-hw-mul\libsmallc.a(lib_a-writer.o)
 .debug_ranges  0x0000000000000080       0x18 ../hello_world_bsp/\libhal_bsp.a(altera_avalon_jtag_uart_read.o)
 .debug_ranges  0x0000000000000098       0x28 ../hello_world_bsp/\libhal_bsp.a(alt_irq_entry.o)
 .debug_ranges  0x00000000000000c0       0x10 ../hello_world_bsp/\libhal_bsp.a(alt_irq_handler.o)
 .debug_ranges  0x00000000000000d0       0x30 ../hello_world_bsp/\libhal_bsp.a(alt_exception_entry.o)
 .debug_ranges  0x0000000000000100       0x10 c:/program_files/intelfpga_lite/18.1/nios2eds/bin/gnu/h-x86_64-mingw32/bin/../lib/gcc/nios2-elf/5.3.0/../../../../../H-x86_64-mingw32/nios2-elf/lib/mno-hw-mul\libsmallc.a(lib_a-exit.o)
 .debug_ranges  0x0000000000000110       0x10 c:/program_files/intelfpga_lite/18.1/nios2eds/bin/gnu/h-x86_64-mingw32/bin/../lib/gcc/nios2-elf/5.3.0/../../../../../H-x86_64-mingw32/nios2-elf/lib/mno-hw-mul\libsmallc.a(lib_a-memcmp.o)
 .debug_ranges  0x0000000000000120       0x28 c:/program_files/intelfpga_lite/18.1/nios2eds/bin/gnu/h-x86_64-mingw32/bin/../lib/gcc/nios2-elf/5.3.0/../../../../../H-x86_64-mingw32/nios2-elf/lib/mno-hw-mul\libsmallc.a(lib_a-__call_atexit.o)
